To honour the JVM settings for this build a single-use Daemon process will be forked. For more on this, please refer to https://docs.gradle.org/8.9/userguide/gradle_daemon.html#sec:disabling_the_daemon in the Gradle documentation.
Daemon will be stopped at the end of the build 
> Task :buildSrc:checkKotlinGradlePluginConfigurationErrors
> Task :buildSrc:compileKotlin UP-TO-DATE
> Task :buildSrc:compileJava NO-SOURCE
> Task :buildSrc:compileGroovy NO-SOURCE
> Task :buildSrc:pluginDescriptors UP-TO-DATE
> Task :buildSrc:processResources UP-TO-DATE
> Task :buildSrc:classes UP-TO-DATE
> Task :buildSrc:jar UP-TO-DATE
> Task :tracker_sdk:api:checkKotlinGradlePluginConfigurationErrors SKIPPED
> Task :core:models:checkKotlinGradlePluginConfigurationErrors SKIPPED
> Task :core:models:compileKotlin UP-TO-DATE
> Task :tracker_sdk:api:compileKotlin UP-TO-DATE
> Task :tracker_sdk:api:compileJava NO-SOURCE
> Task :tracker_sdk:api:processResources NO-SOURCE
> Task :tracker_sdk:api:classes UP-TO-DATE
> Task :core:models:compileJava NO-SOURCE
> Task :core:auth:api:checkKotlinGradlePluginConfigurationErrors SKIPPED
> Task :tracker_sdk:api:jar UP-TO-DATE
> Task :tracker_sdk:registry:checkKotlinGradlePluginConfigurationErrors SKIPPED
> Task :tracker_sdk:registry:compileKotlin UP-TO-DATE
> Task :tracker_sdk:registry:compileJava NO-SOURCE
> Task :tracker_sdk:registry:processResources NO-SOURCE
> Task :tracker_sdk:registry:classes UP-TO-DATE
> Task :tracker_sdk:registry:jar UP-TO-DATE
> Task :tracker_sdk:mirror:checkKotlinGradlePluginConfigurationErrors SKIPPED
> Task :core:auth:api:compileKotlin UP-TO-DATE
> Task :core:auth:api:compileJava NO-SOURCE
> Task :core:network:api:checkKotlinGradlePluginConfigurationErrors SKIPPED
> Task :tracker_sdk:mirror:compileKotlin UP-TO-DATE
> Task :tracker_sdk:mirror:compileJava NO-SOURCE
> Task :tracker_sdk:mirror:processResources NO-SOURCE
> Task :tracker_sdk:mirror:classes UP-TO-DATE
> Task :tracker_sdk:mirror:jar UP-TO-DATE
> Task :tracker_sdk:testing:checkKotlinGradlePluginConfigurationErrors SKIPPED
> Task :core:network:api:compileKotlin UP-TO-DATE
> Task :core:network:api:compileJava NO-SOURCE
> Task :core:tracker:api:checkKotlinGradlePluginConfigurationErrors SKIPPED
> Task :core:tracker:api:compileKotlin UP-TO-DATE
> Task :core:tracker:api:compileJava NO-SOURCE
> Task :core:tracker:registry:checkKotlinGradlePluginConfigurationErrors SKIPPED
> Task :tracker_sdk:testing:compileKotlin UP-TO-DATE
> Task :tracker_sdk:testing:compileJava NO-SOURCE
> Task :tracker_sdk:testing:processResources NO-SOURCE
> Task :tracker_sdk:testing:classes UP-TO-DATE
> Task :tracker_sdk:testing:jar UP-TO-DATE
> Task :core:tracker:registry:compileKotlin UP-TO-DATE
> Task :core:tracker:registry:compileJava NO-SOURCE
> Task :core:tracker:rutracker:checkKotlinGradlePluginConfigurationErrors SKIPPED
> Task :core:tracker:rutracker:compileKotlin UP-TO-DATE
> Task :core:tracker:rutracker:compileJava NO-SOURCE
> Task :core:tracker:rutracker:processResources NO-SOURCE
> Task :core:tracker:rutracker:classes UP-TO-DATE
> Task :core:tracker:rutracker:jar UP-TO-DATE
> Task :core:auth:api:processResources NO-SOURCE
> Task :core:auth:api:classes UP-TO-DATE
> Task :core:auth:api:jar UP-TO-DATE
> Task :core:common:checkKotlinGradlePluginConfigurationErrors SKIPPED
> Task :core:common:compileKotlin UP-TO-DATE
> Task :core:common:compileJava NO-SOURCE
> Task :core:common:processResources NO-SOURCE
> Task :core:common:classes UP-TO-DATE
> Task :core:common:jar UP-TO-DATE
> Task :core:network:api:processResources NO-SOURCE
> Task :core:network:api:classes UP-TO-DATE
> Task :core:network:api:jar UP-TO-DATE
> Task :core:tracker:rutor:checkKotlinGradlePluginConfigurationErrors SKIPPED
> Task :core:tracker:rutor:compileKotlin UP-TO-DATE
> Task :core:tracker:rutor:compileJava NO-SOURCE
> Task :core:tracker:rutor:processResources NO-SOURCE
> Task :core:tracker:rutor:classes UP-TO-DATE
> Task :core:tracker:rutor:jar UP-TO-DATE
> Task :core:tracker:nnmclub:checkKotlinGradlePluginConfigurationErrors SKIPPED
> Task :core:tracker:nnmclub:compileKotlin UP-TO-DATE
> Task :core:tracker:nnmclub:compileJava NO-SOURCE
> Task :core:tracker:nnmclub:processResources NO-SOURCE
> Task :core:tracker:nnmclub:classes UP-TO-DATE
> Task :core:tracker:nnmclub:jar UP-TO-DATE
> Task :core:tracker:kinozal:checkKotlinGradlePluginConfigurationErrors SKIPPED
> Task :core:tracker:kinozal:compileKotlin UP-TO-DATE
> Task :core:tracker:kinozal:compileJava NO-SOURCE
> Task :core:tracker:kinozal:processResources NO-SOURCE
> Task :core:tracker:kinozal:classes UP-TO-DATE
> Task :core:tracker:kinozal:jar UP-TO-DATE
> Task :core:tracker:archiveorg:checkKotlinGradlePluginConfigurationErrors SKIPPED
> Task :core:tracker:archiveorg:compileKotlin UP-TO-DATE
> Task :core:tracker:archiveorg:compileJava NO-SOURCE
> Task :core:tracker:archiveorg:processResources NO-SOURCE
> Task :core:tracker:archiveorg:classes UP-TO-DATE
> Task :core:tracker:archiveorg:jar UP-TO-DATE
> Task :core:tracker:gutenberg:checkKotlinGradlePluginConfigurationErrors SKIPPED
> Task :core:tracker:gutenberg:compileKotlin UP-TO-DATE
> Task :core:tracker:gutenberg:compileJava NO-SOURCE
> Task :core:tracker:gutenberg:processResources NO-SOURCE
> Task :core:tracker:gutenberg:classes UP-TO-DATE
> Task :core:tracker:gutenberg:jar UP-TO-DATE
> Task :core:tracker:registry:processResources NO-SOURCE
> Task :core:tracker:registry:classes UP-TO-DATE
> Task :core:tracker:registry:jar UP-TO-DATE
> Task :core:tracker:mirror:checkKotlinGradlePluginConfigurationErrors SKIPPED
> Task :core:tracker:mirror:compileKotlin UP-TO-DATE
> Task :core:tracker:mirror:compileJava NO-SOURCE
> Task :core:tracker:mirror:processResources NO-SOURCE
> Task :core:tracker:mirror:classes UP-TO-DATE
> Task :core:tracker:mirror:jar UP-TO-DATE
> Task :core:tracker:api:processResources NO-SOURCE
> Task :core:tracker:api:classes UP-TO-DATE
> Task :core:tracker:api:jar UP-TO-DATE
> Task :core:work:api:checkKotlinGradlePluginConfigurationErrors SKIPPED
> Task :core:work:api:compileKotlin UP-TO-DATE
> Task :core:work:api:compileJava NO-SOURCE
> Task :core:work:api:processResources NO-SOURCE
> Task :core:work:api:classes UP-TO-DATE
> Task :core:work:api:jar UP-TO-DATE
> Task :core:models:processResources NO-SOURCE
> Task :core:models:classes UP-TO-DATE
> Task :core:models:jar UP-TO-DATE
> Task :api-app:preBuild UP-TO-DATE
> Task :api-app:preDebugBuild UP-TO-DATE
> Task :api-app:checkKotlinGradlePluginConfigurationErrors SKIPPED
> Task :api-app:generateDebugBuildConfig UP-TO-DATE
> Task :core:apiengine:preBuild UP-TO-DATE
> Task :core:apiengine:preDebugBuild UP-TO-DATE
> Task :core:apiengine:writeDebugAarMetadata UP-TO-DATE
> Task :core:applink:preBuild UP-TO-DATE
> Task :core:applink:preDebugBuild UP-TO-DATE
> Task :core:applink:writeDebugAarMetadata UP-TO-DATE
> Task :core:designsystem:preBuild UP-TO-DATE
> Task :core:designsystem:preDebugBuild UP-TO-DATE
> Task :core:designsystem:writeDebugAarMetadata UP-TO-DATE
> Task :core:notifications:preBuild UP-TO-DATE
> Task :core:notifications:preDebugBuild UP-TO-DATE
> Task :core:notifications:writeDebugAarMetadata UP-TO-DATE
> Task :api-app:checkDebugAarMetadata UP-TO-DATE
> Task :api-app:generateDebugResValues UP-TO-DATE
> Task :api-app:injectCrashlyticsMappingFileIdDebug UP-TO-DATE
> Task :api-app:processDebugGoogleServices UP-TO-DATE
> Task :core:apiengine:generateDebugResValues UP-TO-DATE
> Task :core:apiengine:generateDebugResources UP-TO-DATE
> Task :core:apiengine:packageDebugResources UP-TO-DATE
> Task :core:applink:generateDebugResValues UP-TO-DATE
> Task :core:applink:generateDebugResources UP-TO-DATE
> Task :core:applink:packageDebugResources UP-TO-DATE
> Task :core:designsystem:generateDebugResValues UP-TO-DATE
> Task :core:designsystem:generateDebugResources
> Task :core:designsystem:packageDebugResources
> Task :core:notifications:generateDebugResValues UP-TO-DATE
> Task :core:notifications:generateDebugResources UP-TO-DATE
> Task :core:notifications:packageDebugResources UP-TO-DATE
> Task :api-app:mapDebugSourceSetPaths
> Task :api-app:generateDebugResources UP-TO-DATE
> Task :api-app:packageDebugResources UP-TO-DATE
> Task :api-app:parseDebugLocalResources UP-TO-DATE
> Task :api-app:createDebugCompatibleScreenManifests UP-TO-DATE
> Task :api-app:extractDeepLinksDebug UP-TO-DATE
> Task :core:apiengine:extractDeepLinksDebug UP-TO-DATE
> Task :core:apiengine:processDebugManifest UP-TO-DATE
> Task :core:applink:extractDeepLinksDebug UP-TO-DATE
> Task :core:applink:processDebugManifest UP-TO-DATE
> Task :core:designsystem:extractDeepLinksDebug UP-TO-DATE
> Task :core:designsystem:processDebugManifest UP-TO-DATE
> Task :core:notifications:extractDeepLinksDebug UP-TO-DATE
> Task :core:notifications:processDebugManifest UP-TO-DATE
> Task :api-app:processDebugMainManifest UP-TO-DATE
> Task :api-app:processDebugManifest UP-TO-DATE
> Task :api-app:processDebugManifestForPackage UP-TO-DATE
> Task :core:apiengine:compileDebugLibraryResources UP-TO-DATE
> Task :core:apiengine:parseDebugLocalResources UP-TO-DATE
> Task :core:apiengine:generateDebugRFile UP-TO-DATE
> Task :core:applink:compileDebugLibraryResources UP-TO-DATE
> Task :core:applink:parseDebugLocalResources UP-TO-DATE
> Task :api-app:mergeDebugResources
> Task :core:applink:generateDebugRFile UP-TO-DATE
> Task :core:designsystem:compileDebugLibraryResources
> Task :core:notifications:compileDebugLibraryResources UP-TO-DATE
> Task :core:notifications:parseDebugLocalResources UP-TO-DATE
> Task :core:notifications:generateDebugRFile UP-TO-DATE
> Task :core:apiengine:checkKotlinGradlePluginConfigurationErrors SKIPPED
> Task :core:apiengine:compileDebugKotlin UP-TO-DATE
> Task :core:apiengine:javaPreCompileDebug UP-TO-DATE
> Task :core:apiengine:compileDebugJavaWithJavac NO-SOURCE
> Task :core:apiengine:bundleLibCompileToJarDebug UP-TO-DATE
> Task :core:applink:checkKotlinGradlePluginConfigurationErrors SKIPPED
> Task :core:applink:generateDebugBuildConfig UP-TO-DATE
> Task :core:designsystem:parseDebugLocalResources
> Task :core:applink:compileDebugKotlin UP-TO-DATE
> Task :core:applink:javaPreCompileDebug UP-TO-DATE
> Task :core:applink:compileDebugJavaWithJavac UP-TO-DATE
> Task :core:applink:bundleLibCompileToJarDebug UP-TO-DATE
> Task :core:designsystem:checkKotlinGradlePluginConfigurationErrors SKIPPED
> Task :core:designsystem:javaPreCompileDebug UP-TO-DATE
> Task :core:notifications:checkKotlinGradlePluginConfigurationErrors SKIPPED
> Task :core:notifications:javaPreCompileDebug UP-TO-DATE
> Task :api-app:javaPreCompileDebug UP-TO-DATE
> Task :core:applink:bundleLibRuntimeToJarDebug UP-TO-DATE
> Task :core:apiengine:bundleLibRuntimeToJarDebug UP-TO-DATE
> Task :api-app:mergeDebugShaders UP-TO-DATE
> Task :api-app:compileDebugShaders NO-SOURCE
> Task :api-app:generateDebugAssets UP-TO-DATE
> Task :core:apiengine:mergeDebugShaders UP-TO-DATE
> Task :core:designsystem:generateDebugRFile
> Task :core:apiengine:compileDebugShaders NO-SOURCE
> Task :api-app:processDebugResources
> Task :core:apiengine:generateDebugAssets UP-TO-DATE
> Task :core:apiengine:packageDebugAssets UP-TO-DATE
> Task :core:applink:mergeDebugShaders UP-TO-DATE
> Task :core:applink:compileDebugShaders NO-SOURCE
> Task :core:applink:generateDebugAssets UP-TO-DATE
> Task :core:applink:packageDebugAssets UP-TO-DATE
> Task :core:designsystem:mergeDebugShaders UP-TO-DATE
> Task :core:designsystem:compileDebugShaders NO-SOURCE
> Task :core:designsystem:generateDebugAssets UP-TO-DATE
> Task :core:designsystem:packageDebugAssets UP-TO-DATE
> Task :core:notifications:mergeDebugShaders UP-TO-DATE
> Task :core:notifications:compileDebugShaders NO-SOURCE
> Task :core:notifications:generateDebugAssets UP-TO-DATE
> Task :core:notifications:packageDebugAssets UP-TO-DATE
> Task :api-app:mergeDebugAssets UP-TO-DATE
> Task :api-app:preDebugUnitTestBuild UP-TO-DATE
> Task :api-app:packageDebugUnitTestForUnitTest
> Task :api-app:generateDebugUnitTestConfig
> Task :core:data:preBuild UP-TO-DATE
> Task :core:data:preDebugBuild UP-TO-DATE
> Task :core:data:generateDebugResValues UP-TO-DATE
> Task :core:data:generateDebugResources UP-TO-DATE
> Task :core:data:packageDebugResources UP-TO-DATE
> Task :core:data:parseDebugLocalResources UP-TO-DATE
> Task :core:data:generateDebugRFile UP-TO-DATE
> Task :core:data:checkKotlinGradlePluginConfigurationErrors SKIPPED
> Task :core:database:preBuild UP-TO-DATE
> Task :core:database:preDebugBuild UP-TO-DATE
> Task :core:database:generateDebugResValues UP-TO-DATE
> Task :core:database:generateDebugResources UP-TO-DATE
> Task :core:database:packageDebugResources UP-TO-DATE
> Task :core:database:parseDebugLocalResources UP-TO-DATE
> Task :core:database:generateDebugRFile UP-TO-DATE
> Task :core:database:checkKotlinGradlePluginConfigurationErrors SKIPPED
> Task :core:database:kspDebugKotlin UP-TO-DATE
> Task :core:database:compileDebugKotlin UP-TO-DATE
> Task :core:database:javaPreCompileDebug UP-TO-DATE
> Task :core:database:compileDebugJavaWithJavac UP-TO-DATE
> Task :core:database:transformDebugClassesWithAsm UP-TO-DATE
> Task :core:database:bundleLibCompileToJarDebug UP-TO-DATE
> Task :core:database:preDebugUnitTestBuild UP-TO-DATE
> Task :core:database:generateDebugUnitTestStubRFile UP-TO-DATE
> Task :core:database:kspDebugUnitTestKotlin NO-SOURCE
> Task :core:database:compileDebugUnitTestKotlin NO-SOURCE
> Task :core:database:javaPreCompileDebugUnitTest UP-TO-DATE
> Task :core:database:compileDebugUnitTestJavaWithJavac NO-SOURCE
> Task :core:database:copyRoomSchemas NO-SOURCE
> Task :core:dispatchers:preBuild UP-TO-DATE
> Task :core:dispatchers:preDebugBuild UP-TO-DATE
> Task :core:dispatchers:generateDebugResValues UP-TO-DATE
> Task :core:dispatchers:generateDebugResources UP-TO-DATE
> Task :core:dispatchers:packageDebugResources UP-TO-DATE
> Task :core:dispatchers:parseDebugLocalResources UP-TO-DATE
> Task :core:dispatchers:generateDebugRFile UP-TO-DATE
> Task :core:dispatchers:checkKotlinGradlePluginConfigurationErrors SKIPPED
> Task :core:dispatchers:kspDebugKotlin UP-TO-DATE
> Task :core:dispatchers:compileDebugKotlin UP-TO-DATE
> Task :core:dispatchers:javaPreCompileDebug UP-TO-DATE
> Task :core:dispatchers:compileDebugJavaWithJavac UP-TO-DATE
> Task :core:dispatchers:transformDebugClassesWithAsm UP-TO-DATE
> Task :core:dispatchers:bundleLibCompileToJarDebug UP-TO-DATE
> Task :core:logger:preBuild UP-TO-DATE
> Task :core:logger:preDebugBuild UP-TO-DATE
> Task :core:logger:generateDebugResValues UP-TO-DATE
> Task :core:logger:generateDebugResources UP-TO-DATE
> Task :core:logger:packageDebugResources UP-TO-DATE
> Task :core:logger:parseDebugLocalResources UP-TO-DATE
> Task :core:logger:generateDebugRFile UP-TO-DATE
> Task :core:logger:checkKotlinGradlePluginConfigurationErrors SKIPPED
> Task :core:logger:kspDebugKotlin UP-TO-DATE
> Task :core:logger:compileDebugKotlin UP-TO-DATE
> Task :core:logger:javaPreCompileDebug UP-TO-DATE
> Task :core:logger:compileDebugJavaWithJavac UP-TO-DATE
> Task :core:logger:transformDebugClassesWithAsm UP-TO-DATE
> Task :core:logger:bundleLibCompileToJarDebug UP-TO-DATE
> Task :core:preferences:preBuild UP-TO-DATE
> Task :core:preferences:preDebugBuild UP-TO-DATE
> Task :core:preferences:generateDebugResValues UP-TO-DATE
> Task :core:preferences:generateDebugResources UP-TO-DATE
> Task :core:preferences:packageDebugResources UP-TO-DATE
> Task :core:preferences:parseDebugLocalResources UP-TO-DATE
> Task :core:preferences:generateDebugRFile UP-TO-DATE
> Task :core:dispatchers:bundleLibRuntimeToJarDebug UP-TO-DATE
> Task :core:preferences:checkKotlinGradlePluginConfigurationErrors SKIPPED
> Task :core:preferences:kspDebugKotlin UP-TO-DATE
> Task :core:preferences:compileDebugKotlin UP-TO-DATE
> Task :core:preferences:javaPreCompileDebug UP-TO-DATE
> Task :core:preferences:compileDebugJavaWithJavac UP-TO-DATE
> Task :core:preferences:transformDebugClassesWithAsm UP-TO-DATE
> Task :core:preferences:bundleLibCompileToJarDebug UP-TO-DATE
> Task :core:data:kspDebugKotlin UP-TO-DATE
> Task :core:data:compileDebugKotlin UP-TO-DATE
> Task :core:data:javaPreCompileDebug UP-TO-DATE
> Task :core:data:compileDebugJavaWithJavac UP-TO-DATE
> Task :core:database:bundleLibRuntimeToJarDebug UP-TO-DATE
> Task :core:logger:bundleLibRuntimeToJarDebug UP-TO-DATE
> Task :core:preferences:bundleLibRuntimeToJarDebug UP-TO-DATE
> Task :core:data:transformDebugClassesWithAsm UP-TO-DATE
> Task :core:data:bundleLibCompileToJarDebug UP-TO-DATE
> Task :core:downloads:preBuild UP-TO-DATE
> Task :core:downloads:preDebugBuild UP-TO-DATE
> Task :core:downloads:generateDebugResValues UP-TO-DATE
> Task :core:downloads:generateDebugResources UP-TO-DATE
> Task :core:downloads:packageDebugResources UP-TO-DATE
> Task :core:downloads:parseDebugLocalResources UP-TO-DATE
> Task :core:downloads:generateDebugRFile UP-TO-DATE
> Task :core:downloads:checkKotlinGradlePluginConfigurationErrors SKIPPED
> Task :core:downloads:kspDebugKotlin UP-TO-DATE
> Task :core:downloads:compileDebugKotlin UP-TO-DATE
> Task :core:downloads:javaPreCompileDebug UP-TO-DATE
> Task :core:downloads:compileDebugJavaWithJavac UP-TO-DATE
> Task :core:downloads:transformDebugClassesWithAsm UP-TO-DATE
> Task :core:downloads:bundleLibCompileToJarDebug UP-TO-DATE
> Task :core:testing:preBuild UP-TO-DATE
> Task :core:testing:preDebugBuild UP-TO-DATE
> Task :core:testing:generateDebugResValues UP-TO-DATE
> Task :core:testing:generateDebugResources UP-TO-DATE
> Task :core:testing:packageDebugResources UP-TO-DATE
> Task :core:testing:parseDebugLocalResources UP-TO-DATE
> Task :core:testing:generateDebugRFile UP-TO-DATE
> Task :core:data:bundleLibRuntimeToJarDebug UP-TO-DATE
> Task :core:domain:preBuild UP-TO-DATE
> Task :core:domain:preDebugBuild UP-TO-DATE
> Task :core:domain:checkKotlinGradlePluginConfigurationErrors SKIPPED
> Task :core:domain:generateDebugResValues UP-TO-DATE
> Task :core:domain:generateDebugResources UP-TO-DATE
> Task :core:domain:packageDebugResources UP-TO-DATE
> Task :core:domain:parseDebugLocalResources UP-TO-DATE
> Task :core:domain:generateDebugRFile UP-TO-DATE
> Task :core:sync:preBuild UP-TO-DATE
> Task :core:sync:preDebugBuild UP-TO-DATE
> Task :core:sync:generateDebugResValues UP-TO-DATE
> Task :core:sync:generateDebugResources UP-TO-DATE
> Task :core:sync:packageDebugResources UP-TO-DATE
> Task :core:sync:parseDebugLocalResources UP-TO-DATE
> Task :core:sync:generateDebugRFile UP-TO-DATE
> Task :core:sync:checkKotlinGradlePluginConfigurationErrors SKIPPED
> Task :core:sync:kspDebugKotlin UP-TO-DATE
> Task :core:sync:compileDebugKotlin UP-TO-DATE
> Task :core:sync:javaPreCompileDebug UP-TO-DATE
> Task :core:sync:compileDebugJavaWithJavac UP-TO-DATE
> Task :core:sync:transformDebugClassesWithAsm UP-TO-DATE
> Task :core:sync:bundleLibCompileToJarDebug UP-TO-DATE
> Task :core:domain:javaPreCompileDebug UP-TO-DATE
> Task :core:downloads:bundleLibRuntimeToJarDebug UP-TO-DATE
> Task :core:sync:bundleLibRuntimeToJarDebug UP-TO-DATE
> Task :core:testing:checkKotlinGradlePluginConfigurationErrors SKIPPED
> Task :core:auth:impl:preBuild UP-TO-DATE
> Task :core:auth:impl:preDebugBuild UP-TO-DATE
> Task :core:auth:impl:generateDebugResValues UP-TO-DATE
> Task :core:auth:impl:generateDebugResources UP-TO-DATE
> Task :core:auth:impl:packageDebugResources UP-TO-DATE
> Task :core:auth:impl:parseDebugLocalResources UP-TO-DATE
> Task :core:auth:impl:generateDebugRFile UP-TO-DATE
> Task :core:auth:impl:checkKotlinGradlePluginConfigurationErrors SKIPPED
> Task :core:auth:impl:kspDebugKotlin UP-TO-DATE
> Task :core:auth:impl:compileDebugKotlin UP-TO-DATE
> Task :core:auth:impl:javaPreCompileDebug UP-TO-DATE
> Task :core:auth:impl:compileDebugJavaWithJavac UP-TO-DATE
> Task :core:auth:impl:transformDebugClassesWithAsm UP-TO-DATE
> Task :core:auth:impl:bundleLibCompileToJarDebug UP-TO-DATE
> Task :core:work:impl:preBuild UP-TO-DATE
> Task :core:work:impl:preDebugBuild UP-TO-DATE
> Task :core:work:impl:generateDebugResValues UP-TO-DATE
> Task :core:work:impl:generateDebugResources UP-TO-DATE
> Task :core:work:impl:packageDebugResources UP-TO-DATE
> Task :core:work:impl:parseDebugLocalResources UP-TO-DATE
> Task :core:work:impl:generateDebugRFile UP-TO-DATE
> Task :core:tracker:client:preBuild UP-TO-DATE
> Task :core:tracker:client:preDebugBuild UP-TO-DATE
> Task :core:tracker:client:generateDebugResValues UP-TO-DATE
> Task :core:tracker:client:generateDebugResources UP-TO-DATE
> Task :core:tracker:client:packageDebugResources UP-TO-DATE
> Task :core:tracker:client:parseDebugLocalResources UP-TO-DATE
> Task :core:tracker:client:generateDebugRFile UP-TO-DATE
> Task :core:tracker:client:checkKotlinGradlePluginConfigurationErrors SKIPPED
> Task :core:tracker:client:kspDebugKotlin UP-TO-DATE
> Task :core:tracker:client:compileDebugKotlin UP-TO-DATE
> Task :core:tracker:client:javaPreCompileDebug UP-TO-DATE
> Task :core:tracker:client:compileDebugJavaWithJavac UP-TO-DATE
> Task :core:tracker:client:transformDebugClassesWithAsm UP-TO-DATE
> Task :core:tracker:client:bundleLibCompileToJarDebug UP-TO-DATE
> Task :core:tracker:client:bundleLibRuntimeToJarDebug UP-TO-DATE
> Task :core:work:impl:checkKotlinGradlePluginConfigurationErrors SKIPPED
> Task :core:work:impl:javaPreCompileDebug UP-TO-DATE
> Task :core:testing:javaPreCompileDebug UP-TO-DATE
> Task :core:auth:impl:bundleLibRuntimeToJarDebug UP-TO-DATE
> Task :api-app:javaPreCompileDebugUnitTest UP-TO-DATE
> Task :core:apiengine:processDebugJavaRes UP-TO-DATE
> Task :core:applink:processDebugJavaRes UP-TO-DATE
> Task :core:data:processDebugJavaRes UP-TO-DATE
> Task :core:database:processDebugJavaRes UP-TO-DATE
> Task :core:dispatchers:processDebugJavaRes UP-TO-DATE
> Task :core:downloads:processDebugJavaRes UP-TO-DATE
> Task :core:logger:processDebugJavaRes UP-TO-DATE
> Task :core:preferences:processDebugJavaRes UP-TO-DATE
> Task :core:sync:processDebugJavaRes UP-TO-DATE
> Task :core:auth:impl:processDebugJavaRes UP-TO-DATE
> Task :core:tracker:client:processDebugJavaRes UP-TO-DATE
> Task :app:preBuild UP-TO-DATE
> Task :app:preDebugBuild UP-TO-DATE
> Task :app:checkKotlinGradlePluginConfigurationErrors SKIPPED
> Task :app:generateDebugBuildConfig UP-TO-DATE
> Task :app:generateLavaAuthClassDebug UP-TO-DATE
> Task :core:credentials:preBuild UP-TO-DATE
> Task :core:credentials:preDebugBuild UP-TO-DATE
> Task :core:credentials:writeDebugAarMetadata UP-TO-DATE
> Task :core:data:writeDebugAarMetadata UP-TO-DATE
> Task :core:database:writeDebugAarMetadata UP-TO-DATE
> Task :core:dispatchers:writeDebugAarMetadata UP-TO-DATE
> Task :core:domain:writeDebugAarMetadata UP-TO-DATE
> Task :core:downloads:writeDebugAarMetadata UP-TO-DATE
> Task :core:logger:writeDebugAarMetadata UP-TO-DATE
> Task :core:navigation:preBuild UP-TO-DATE
> Task :core:navigation:preDebugBuild UP-TO-DATE
> Task :core:navigation:writeDebugAarMetadata UP-TO-DATE
> Task :core:preferences:writeDebugAarMetadata UP-TO-DATE
> Task :core:sync:writeDebugAarMetadata UP-TO-DATE
> Task :core:ui:preBuild UP-TO-DATE
> Task :core:ui:preDebugBuild UP-TO-DATE
> Task :core:ui:writeDebugAarMetadata UP-TO-DATE
> Task :feature:account:preBuild UP-TO-DATE
> Task :feature:account:preDebugBuild UP-TO-DATE
> Task :feature:account:writeDebugAarMetadata UP-TO-DATE
> Task :feature:bookmarks:preBuild UP-TO-DATE
> Task :feature:bookmarks:preDebugBuild UP-TO-DATE
> Task :feature:bookmarks:writeDebugAarMetadata UP-TO-DATE
> Task :feature:category:preBuild UP-TO-DATE
> Task :feature:category:preDebugBuild UP-TO-DATE
> Task :feature:category:writeDebugAarMetadata UP-TO-DATE
> Task :feature:connection:preBuild UP-TO-DATE
> Task :feature:connection:preDebugBuild UP-TO-DATE
> Task :feature:connection:writeDebugAarMetadata UP-TO-DATE
> Task :feature:credentials:preBuild UP-TO-DATE
> Task :feature:credentials:preDebugBuild UP-TO-DATE
> Task :feature:credentials:writeDebugAarMetadata UP-TO-DATE
> Task :feature:credentials_manager:preBuild UP-TO-DATE
> Task :feature:credentials_manager:preDebugBuild UP-TO-DATE
> Task :feature:credentials_manager:writeDebugAarMetadata UP-TO-DATE
> Task :feature:favorites:preBuild UP-TO-DATE
> Task :feature:favorites:preDebugBuild UP-TO-DATE
> Task :feature:favorites:writeDebugAarMetadata UP-TO-DATE
> Task :feature:forum:preBuild UP-TO-DATE
> Task :feature:forum:preDebugBuild UP-TO-DATE
> Task :feature:forum:writeDebugAarMetadata UP-TO-DATE
> Task :feature:login:preBuild UP-TO-DATE
> Task :feature:login:preDebugBuild UP-TO-DATE
> Task :feature:login:writeDebugAarMetadata UP-TO-DATE
> Task :feature:main:preBuild UP-TO-DATE
> Task :feature:main:preDebugBuild UP-TO-DATE
> Task :feature:main:writeDebugAarMetadata UP-TO-DATE
> Task :feature:menu:preBuild UP-TO-DATE
> Task :feature:menu:preDebugBuild UP-TO-DATE
> Task :feature:menu:writeDebugAarMetadata UP-TO-DATE
> Task :feature:onboarding:preBuild UP-TO-DATE
> Task :feature:onboarding:preDebugBuild UP-TO-DATE
> Task :feature:onboarding:writeDebugAarMetadata UP-TO-DATE
> Task :feature:provider_config:preBuild UP-TO-DATE
> Task :feature:provider_config:preDebugBuild UP-TO-DATE
> Task :feature:provider_config:writeDebugAarMetadata UP-TO-DATE
> Task :feature:rating:preBuild UP-TO-DATE
> Task :feature:rating:preDebugBuild UP-TO-DATE
> Task :feature:rating:writeDebugAarMetadata UP-TO-DATE
> Task :feature:search:preBuild UP-TO-DATE
> Task :feature:search:preDebugBuild UP-TO-DATE
> Task :feature:search:writeDebugAarMetadata UP-TO-DATE
> Task :feature:search_input:preBuild UP-TO-DATE
> Task :feature:search_input:preDebugBuild UP-TO-DATE
> Task :feature:search_input:writeDebugAarMetadata UP-TO-DATE
> Task :feature:search_result:preBuild UP-TO-DATE
> Task :feature:search_result:preDebugBuild UP-TO-DATE
> Task :feature:search_result:writeDebugAarMetadata UP-TO-DATE
> Task :feature:topic:preBuild UP-TO-DATE
> Task :feature:topic:preDebugBuild UP-TO-DATE
> Task :feature:topic:writeDebugAarMetadata UP-TO-DATE
> Task :feature:visited:preBuild UP-TO-DATE
> Task :feature:visited:preDebugBuild UP-TO-DATE
> Task :feature:visited:writeDebugAarMetadata UP-TO-DATE
> Task :core:auth:impl:writeDebugAarMetadata UP-TO-DATE
> Task :core:network:impl:preBuild UP-TO-DATE
> Task :core:network:impl:preDebugBuild UP-TO-DATE
> Task :core:network:impl:writeDebugAarMetadata UP-TO-DATE
> Task :core:tracker:client:writeDebugAarMetadata UP-TO-DATE
> Task :core:work:impl:writeDebugAarMetadata UP-TO-DATE
> Task :app:checkDebugAarMetadata UP-TO-DATE
> Task :app:generateDebugResValues UP-TO-DATE
> Task :app:injectCrashlyticsMappingFileIdDebug UP-TO-DATE
> Task :app:processDebugGoogleServices UP-TO-DATE
> Task :core:credentials:generateDebugResValues UP-TO-DATE
> Task :core:credentials:generateDebugResources UP-TO-DATE
> Task :core:credentials:packageDebugResources UP-TO-DATE
> Task :core:navigation:generateDebugResValues UP-TO-DATE
> Task :core:navigation:generateDebugResources UP-TO-DATE
> Task :core:navigation:packageDebugResources UP-TO-DATE
> Task :core:ui:generateDebugResValues UP-TO-DATE
> Task :core:ui:generateDebugResources UP-TO-DATE
> Task :core:ui:packageDebugResources UP-TO-DATE
> Task :feature:account:generateDebugResValues UP-TO-DATE
> Task :feature:account:generateDebugResources UP-TO-DATE
> Task :feature:account:packageDebugResources UP-TO-DATE
> Task :feature:bookmarks:generateDebugResValues UP-TO-DATE
> Task :feature:bookmarks:generateDebugResources UP-TO-DATE
> Task :feature:bookmarks:packageDebugResources UP-TO-DATE
> Task :feature:category:generateDebugResValues UP-TO-DATE
> Task :feature:category:generateDebugResources UP-TO-DATE
> Task :feature:category:packageDebugResources UP-TO-DATE
> Task :feature:connection:generateDebugResValues UP-TO-DATE
> Task :feature:connection:generateDebugResources UP-TO-DATE
> Task :feature:connection:packageDebugResources UP-TO-DATE
> Task :feature:credentials:generateDebugResValues UP-TO-DATE
> Task :feature:credentials:generateDebugResources UP-TO-DATE
> Task :feature:credentials:packageDebugResources UP-TO-DATE
> Task :feature:credentials_manager:generateDebugResValues UP-TO-DATE
> Task :feature:credentials_manager:generateDebugResources UP-TO-DATE
> Task :feature:credentials_manager:packageDebugResources UP-TO-DATE
> Task :feature:favorites:generateDebugResValues UP-TO-DATE
> Task :feature:favorites:generateDebugResources UP-TO-DATE
> Task :feature:favorites:packageDebugResources UP-TO-DATE
> Task :feature:forum:generateDebugResValues UP-TO-DATE
> Task :feature:forum:generateDebugResources UP-TO-DATE
> Task :feature:forum:packageDebugResources UP-TO-DATE
> Task :feature:login:generateDebugResValues UP-TO-DATE
> Task :feature:login:generateDebugResources UP-TO-DATE
> Task :feature:login:packageDebugResources UP-TO-DATE
> Task :feature:main:generateDebugResValues UP-TO-DATE
> Task :feature:main:generateDebugResources UP-TO-DATE
> Task :feature:main:packageDebugResources UP-TO-DATE
> Task :feature:menu:generateDebugResValues UP-TO-DATE
> Task :feature:menu:generateDebugResources UP-TO-DATE
> Task :feature:menu:packageDebugResources UP-TO-DATE
> Task :feature:onboarding:generateDebugResValues UP-TO-DATE
> Task :feature:onboarding:generateDebugResources UP-TO-DATE
> Task :feature:onboarding:packageDebugResources UP-TO-DATE
> Task :feature:provider_config:generateDebugResValues UP-TO-DATE
> Task :feature:provider_config:generateDebugResources UP-TO-DATE
> Task :feature:provider_config:packageDebugResources UP-TO-DATE
> Task :feature:rating:generateDebugResValues UP-TO-DATE
> Task :feature:rating:generateDebugResources UP-TO-DATE
> Task :feature:rating:packageDebugResources UP-TO-DATE
> Task :feature:search:generateDebugResValues UP-TO-DATE
> Task :feature:search:generateDebugResources UP-TO-DATE
> Task :feature:search:packageDebugResources UP-TO-DATE
> Task :feature:search_input:generateDebugResValues UP-TO-DATE
> Task :feature:search_input:generateDebugResources UP-TO-DATE
> Task :feature:search_input:packageDebugResources UP-TO-DATE
> Task :feature:search_result:generateDebugResValues UP-TO-DATE
> Task :feature:search_result:generateDebugResources UP-TO-DATE
> Task :feature:search_result:packageDebugResources UP-TO-DATE
> Task :feature:topic:generateDebugResValues UP-TO-DATE
> Task :feature:topic:generateDebugResources
> Task :feature:topic:packageDebugResources
> Task :feature:visited:generateDebugResValues UP-TO-DATE
> Task :feature:visited:generateDebugResources UP-TO-DATE
> Task :feature:visited:packageDebugResources UP-TO-DATE
> Task :core:network:impl:generateDebugResValues UP-TO-DATE
> Task :core:network:impl:generateDebugResources UP-TO-DATE
> Task :core:network:impl:packageDebugResources UP-TO-DATE
> Task :app:mapDebugSourceSetPaths
> Task :app:generateDebugResources UP-TO-DATE
> Task :app:mergeDebugResources
> Task :app:packageDebugResources UP-TO-DATE
> Task :app:parseDebugLocalResources UP-TO-DATE
> Task :app:createDebugCompatibleScreenManifests UP-TO-DATE
> Task :app:extractDeepLinksDebug UP-TO-DATE
> Task :core:credentials:extractDeepLinksDebug UP-TO-DATE
> Task :core:credentials:processDebugManifest UP-TO-DATE
> Task :core:data:extractDeepLinksDebug UP-TO-DATE
> Task :core:data:processDebugManifest UP-TO-DATE
> Task :core:database:extractDeepLinksDebug UP-TO-DATE
> Task :core:database:processDebugManifest UP-TO-DATE
> Task :core:dispatchers:extractDeepLinksDebug UP-TO-DATE
> Task :core:dispatchers:processDebugManifest UP-TO-DATE
> Task :core:domain:extractDeepLinksDebug UP-TO-DATE
> Task :core:domain:processDebugManifest UP-TO-DATE
> Task :core:downloads:extractDeepLinksDebug UP-TO-DATE
> Task :core:downloads:processDebugManifest UP-TO-DATE
> Task :core:logger:extractDeepLinksDebug UP-TO-DATE
> Task :core:logger:processDebugManifest UP-TO-DATE
> Task :core:navigation:extractDeepLinksDebug UP-TO-DATE
> Task :core:navigation:processDebugManifest UP-TO-DATE
> Task :core:preferences:extractDeepLinksDebug UP-TO-DATE
> Task :core:preferences:processDebugManifest UP-TO-DATE
> Task :core:sync:extractDeepLinksDebug UP-TO-DATE
> Task :core:sync:processDebugManifest UP-TO-DATE
> Task :core:ui:extractDeepLinksDebug UP-TO-DATE
> Task :core:ui:processDebugManifest UP-TO-DATE
> Task :feature:account:extractDeepLinksDebug UP-TO-DATE
> Task :feature:account:processDebugManifest UP-TO-DATE
> Task :feature:bookmarks:extractDeepLinksDebug UP-TO-DATE
> Task :feature:bookmarks:processDebugManifest UP-TO-DATE
> Task :feature:category:extractDeepLinksDebug UP-TO-DATE
> Task :feature:category:processDebugManifest UP-TO-DATE
> Task :feature:connection:extractDeepLinksDebug UP-TO-DATE
> Task :feature:connection:processDebugManifest UP-TO-DATE
> Task :feature:credentials:extractDeepLinksDebug UP-TO-DATE
> Task :feature:credentials:processDebugManifest UP-TO-DATE
> Task :feature:credentials_manager:extractDeepLinksDebug UP-TO-DATE
> Task :feature:credentials_manager:processDebugManifest UP-TO-DATE
> Task :feature:favorites:extractDeepLinksDebug UP-TO-DATE
> Task :feature:favorites:processDebugManifest UP-TO-DATE
> Task :feature:forum:extractDeepLinksDebug UP-TO-DATE
> Task :feature:forum:processDebugManifest UP-TO-DATE
> Task :feature:login:extractDeepLinksDebug UP-TO-DATE
> Task :feature:login:processDebugManifest UP-TO-DATE
> Task :feature:main:extractDeepLinksDebug UP-TO-DATE
> Task :feature:main:processDebugManifest UP-TO-DATE
> Task :feature:menu:extractDeepLinksDebug UP-TO-DATE
> Task :feature:menu:processDebugManifest UP-TO-DATE
> Task :feature:onboarding:extractDeepLinksDebug UP-TO-DATE
> Task :feature:onboarding:processDebugManifest UP-TO-DATE
> Task :feature:provider_config:extractDeepLinksDebug UP-TO-DATE
> Task :feature:provider_config:processDebugManifest UP-TO-DATE
> Task :feature:rating:extractDeepLinksDebug UP-TO-DATE
> Task :feature:rating:processDebugManifest UP-TO-DATE
> Task :feature:search:extractDeepLinksDebug UP-TO-DATE
> Task :feature:search:processDebugManifest UP-TO-DATE
> Task :feature:search_input:extractDeepLinksDebug UP-TO-DATE
> Task :feature:search_input:processDebugManifest UP-TO-DATE
> Task :feature:search_result:extractDeepLinksDebug UP-TO-DATE
> Task :feature:search_result:processDebugManifest UP-TO-DATE
> Task :feature:topic:extractDeepLinksDebug UP-TO-DATE
> Task :feature:topic:processDebugManifest UP-TO-DATE
> Task :feature:visited:extractDeepLinksDebug UP-TO-DATE
> Task :feature:visited:processDebugManifest UP-TO-DATE
> Task :core:auth:impl:extractDeepLinksDebug UP-TO-DATE
> Task :core:auth:impl:processDebugManifest UP-TO-DATE
> Task :core:network:impl:extractDeepLinksDebug UP-TO-DATE
> Task :core:network:impl:processDebugManifest UP-TO-DATE
> Task :core:tracker:client:extractDeepLinksDebug UP-TO-DATE
> Task :core:tracker:client:processDebugManifest UP-TO-DATE
> Task :core:work:impl:extractDeepLinksDebug UP-TO-DATE
> Task :core:work:impl:processDebugManifest UP-TO-DATE
> Task :app:processDebugMainManifest UP-TO-DATE
> Task :app:processDebugManifest UP-TO-DATE
> Task :app:processDebugManifestForPackage UP-TO-DATE
> Task :core:credentials:compileDebugLibraryResources UP-TO-DATE
> Task :core:credentials:parseDebugLocalResources UP-TO-DATE
> Task :core:credentials:generateDebugRFile UP-TO-DATE
> Task :core:data:compileDebugLibraryResources UP-TO-DATE
> Task :core:database:compileDebugLibraryResources UP-TO-DATE
> Task :core:dispatchers:compileDebugLibraryResources UP-TO-DATE
> Task :core:domain:compileDebugLibraryResources UP-TO-DATE
> Task :core:downloads:compileDebugLibraryResources UP-TO-DATE
> Task :core:logger:compileDebugLibraryResources UP-TO-DATE
> Task :core:navigation:compileDebugLibraryResources UP-TO-DATE
> Task :core:navigation:parseDebugLocalResources UP-TO-DATE
> Task :core:navigation:generateDebugRFile UP-TO-DATE
> Task :core:preferences:compileDebugLibraryResources UP-TO-DATE
> Task :core:sync:compileDebugLibraryResources UP-TO-DATE
> Task :core:ui:compileDebugLibraryResources UP-TO-DATE
> Task :core:ui:parseDebugLocalResources UP-TO-DATE
> Task :core:ui:generateDebugRFile UP-TO-DATE
> Task :feature:account:compileDebugLibraryResources UP-TO-DATE
> Task :feature:account:parseDebugLocalResources UP-TO-DATE
> Task :feature:account:generateDebugRFile UP-TO-DATE
> Task :feature:bookmarks:compileDebugLibraryResources UP-TO-DATE
> Task :feature:bookmarks:parseDebugLocalResources UP-TO-DATE
> Task :feature:bookmarks:generateDebugRFile UP-TO-DATE
> Task :feature:category:compileDebugLibraryResources UP-TO-DATE
> Task :feature:category:parseDebugLocalResources UP-TO-DATE
> Task :feature:category:generateDebugRFile UP-TO-DATE
> Task :feature:connection:compileDebugLibraryResources UP-TO-DATE
> Task :feature:connection:parseDebugLocalResources UP-TO-DATE
> Task :feature:connection:generateDebugRFile UP-TO-DATE
> Task :feature:credentials:compileDebugLibraryResources UP-TO-DATE
> Task :feature:credentials:parseDebugLocalResources UP-TO-DATE
> Task :feature:credentials:generateDebugRFile UP-TO-DATE
> Task :feature:credentials_manager:compileDebugLibraryResources UP-TO-DATE
> Task :feature:credentials_manager:parseDebugLocalResources UP-TO-DATE
> Task :feature:credentials_manager:generateDebugRFile UP-TO-DATE
> Task :feature:favorites:compileDebugLibraryResources UP-TO-DATE
> Task :feature:favorites:parseDebugLocalResources UP-TO-DATE
> Task :feature:favorites:generateDebugRFile UP-TO-DATE
> Task :feature:forum:compileDebugLibraryResources UP-TO-DATE
> Task :feature:forum:parseDebugLocalResources UP-TO-DATE
> Task :feature:forum:generateDebugRFile UP-TO-DATE
> Task :feature:login:compileDebugLibraryResources UP-TO-DATE
> Task :feature:login:parseDebugLocalResources UP-TO-DATE
> Task :feature:login:generateDebugRFile UP-TO-DATE
> Task :feature:main:compileDebugLibraryResources UP-TO-DATE
> Task :feature:main:parseDebugLocalResources UP-TO-DATE
> Task :feature:main:generateDebugRFile UP-TO-DATE
> Task :feature:menu:compileDebugLibraryResources UP-TO-DATE
> Task :feature:menu:parseDebugLocalResources UP-TO-DATE
> Task :feature:menu:generateDebugRFile UP-TO-DATE
> Task :feature:onboarding:compileDebugLibraryResources UP-TO-DATE
> Task :feature:onboarding:parseDebugLocalResources UP-TO-DATE
> Task :feature:onboarding:generateDebugRFile UP-TO-DATE
> Task :feature:provider_config:compileDebugLibraryResources UP-TO-DATE
> Task :feature:provider_config:parseDebugLocalResources UP-TO-DATE
> Task :feature:provider_config:generateDebugRFile UP-TO-DATE
> Task :feature:rating:compileDebugLibraryResources UP-TO-DATE
> Task :feature:rating:parseDebugLocalResources UP-TO-DATE
> Task :feature:rating:generateDebugRFile UP-TO-DATE
> Task :feature:search:compileDebugLibraryResources UP-TO-DATE
> Task :feature:search:parseDebugLocalResources UP-TO-DATE
> Task :feature:search:generateDebugRFile UP-TO-DATE
> Task :feature:search_input:compileDebugLibraryResources UP-TO-DATE
> Task :feature:search_input:parseDebugLocalResources UP-TO-DATE
> Task :feature:search_input:generateDebugRFile UP-TO-DATE
> Task :feature:search_result:compileDebugLibraryResources UP-TO-DATE
> Task :feature:search_result:parseDebugLocalResources UP-TO-DATE
> Task :feature:search_result:generateDebugRFile UP-TO-DATE
> Task :feature:topic:compileDebugLibraryResources
> Task :feature:topic:parseDebugLocalResources
> Task :feature:topic:generateDebugRFile
> Task :feature:visited:compileDebugLibraryResources UP-TO-DATE
> Task :feature:visited:parseDebugLocalResources UP-TO-DATE
> Task :feature:visited:generateDebugRFile UP-TO-DATE
> Task :core:auth:impl:compileDebugLibraryResources UP-TO-DATE
> Task :core:network:impl:compileDebugLibraryResources UP-TO-DATE
> Task :core:network:impl:parseDebugLocalResources UP-TO-DATE
> Task :core:network:impl:generateDebugRFile UP-TO-DATE
> Task :core:tracker:client:compileDebugLibraryResources UP-TO-DATE
> Task :core:work:impl:compileDebugLibraryResources UP-TO-DATE
> Task :core:designsystem:compileDebugKotlin
> Task :core:designsystem:compileDebugJavaWithJavac NO-SOURCE
> Task :core:designsystem:bundleLibCompileToJarDebug
> Task :core:designsystem:bundleLibRuntimeToJarDebug
> Task :app:processDebugResources
> Task :core:designsystem:processDebugJavaRes UP-TO-DATE
> Task :core:navigation:checkKotlinGradlePluginConfigurationErrors SKIPPED
> Task :core:ui:checkKotlinGradlePluginConfigurationErrors SKIPPED
> Task :core:ui:compileDebugKotlin
> Task :core:ui:javaPreCompileDebug UP-TO-DATE
> Task :core:ui:compileDebugJavaWithJavac NO-SOURCE
> Task :core:ui:bundleLibCompileToJarDebug UP-TO-DATE
> Task :core:notifications:kspDebugKotlin
> Task :core:navigation:compileDebugKotlin
> Task :core:navigation:javaPreCompileDebug UP-TO-DATE
> Task :core:navigation:compileDebugJavaWithJavac NO-SOURCE
> Task :core:navigation:bundleLibCompileToJarDebug UP-TO-DATE
> Task :core:navigation:bundleLibRuntimeToJarDebug UP-TO-DATE
> Task :core:ui:bundleLibRuntimeToJarDebug UP-TO-DATE
> Task :feature:account:checkKotlinGradlePluginConfigurationErrors SKIPPED
> Task :feature:account:javaPreCompileDebug UP-TO-DATE
> Task :feature:bookmarks:checkKotlinGradlePluginConfigurationErrors SKIPPED
> Task :feature:bookmarks:javaPreCompileDebug UP-TO-DATE
> Task :feature:category:checkKotlinGradlePluginConfigurationErrors SKIPPED
> Task :feature:category:javaPreCompileDebug UP-TO-DATE
> Task :feature:connection:checkKotlinGradlePluginConfigurationErrors SKIPPED
> Task :feature:connection:javaPreCompileDebug UP-TO-DATE
> Task :core:credentials:checkKotlinGradlePluginConfigurationErrors SKIPPED
> Task :core:credentials:kspDebugKotlin UP-TO-DATE
> Task :core:notifications:compileDebugKotlin
> Task :core:credentials:compileDebugKotlin UP-TO-DATE
> Task :core:notifications:compileDebugJavaWithJavac UP-TO-DATE
> Task :core:notifications:processDebugJavaRes UP-TO-DATE
> Task :core:credentials:javaPreCompileDebug UP-TO-DATE
> Task :core:credentials:compileDebugJavaWithJavac UP-TO-DATE
> Task :core:credentials:transformDebugClassesWithAsm UP-TO-DATE
> Task :core:credentials:bundleLibCompileToJarDebug UP-TO-DATE
> Task :core:credentials:bundleLibRuntimeToJarDebug UP-TO-DATE
> Task :feature:credentials:checkKotlinGradlePluginConfigurationErrors SKIPPED
> Task :feature:credentials:javaPreCompileDebug UP-TO-DATE
> Task :feature:credentials_manager:checkKotlinGradlePluginConfigurationErrors SKIPPED
> Task :feature:credentials_manager:javaPreCompileDebug UP-TO-DATE
> Task :feature:favorites:checkKotlinGradlePluginConfigurationErrors SKIPPED
> Task :feature:favorites:javaPreCompileDebug UP-TO-DATE
> Task :feature:forum:checkKotlinGradlePluginConfigurationErrors SKIPPED
> Task :feature:forum:javaPreCompileDebug UP-TO-DATE
> Task :feature:login:checkKotlinGradlePluginConfigurationErrors SKIPPED
> Task :feature:login:javaPreCompileDebug UP-TO-DATE
> Task :feature:main:checkKotlinGradlePluginConfigurationErrors SKIPPED
> Task :feature:main:javaPreCompileDebug UP-TO-DATE
> Task :feature:menu:checkKotlinGradlePluginConfigurationErrors SKIPPED
> Task :feature:menu:javaPreCompileDebug UP-TO-DATE
> Task :feature:onboarding:checkKotlinGradlePluginConfigurationErrors SKIPPED
> Task :feature:onboarding:javaPreCompileDebug UP-TO-DATE
> Task :feature:provider_config:checkKotlinGradlePluginConfigurationErrors SKIPPED
> Task :feature:provider_config:javaPreCompileDebug UP-TO-DATE
> Task :feature:rating:checkKotlinGradlePluginConfigurationErrors SKIPPED
> Task :feature:rating:javaPreCompileDebug UP-TO-DATE
> Task :feature:search:checkKotlinGradlePluginConfigurationErrors SKIPPED
> Task :feature:search:javaPreCompileDebug UP-TO-DATE
> Task :feature:search_input:checkKotlinGradlePluginConfigurationErrors SKIPPED
> Task :feature:search_input:javaPreCompileDebug UP-TO-DATE
> Task :feature:search_result:checkKotlinGradlePluginConfigurationErrors SKIPPED
> Task :feature:search_result:javaPreCompileDebug UP-TO-DATE
> Task :feature:topic:checkKotlinGradlePluginConfigurationErrors SKIPPED
> Task :feature:topic:javaPreCompileDebug UP-TO-DATE
> Task :feature:visited:checkKotlinGradlePluginConfigurationErrors SKIPPED
> Task :feature:visited:javaPreCompileDebug UP-TO-DATE
> Task :core:network:impl:checkKotlinGradlePluginConfigurationErrors SKIPPED
> Task :core:network:impl:kspDebugKotlin UP-TO-DATE
> Task :core:network:impl:compileDebugKotlin UP-TO-DATE
> Task :core:network:impl:javaPreCompileDebug UP-TO-DATE
> Task :core:notifications:transformDebugClassesWithAsm
> Task :core:network:impl:compileDebugJavaWithJavac UP-TO-DATE
> Task :core:notifications:bundleLibCompileToJarDebug UP-TO-DATE
> Task :core:notifications:bundleLibRuntimeToJarDebug UP-TO-DATE
> Task :core:domain:kspDebugKotlin UP-TO-DATE
> Task :core:domain:compileDebugKotlin UP-TO-DATE
> Task :core:domain:compileDebugJavaWithJavac UP-TO-DATE
> Task :core:domain:transformDebugClassesWithAsm
> Task :core:domain:bundleLibRuntimeToJarDebug UP-TO-DATE
> Task :core:domain:bundleLibCompileToJarDebug UP-TO-DATE
> Task :core:work:impl:kspDebugKotlin UP-TO-DATE
> Task :core:work:impl:compileDebugKotlin UP-TO-DATE
> Task :core:work:impl:compileDebugJavaWithJavac UP-TO-DATE
> Task :core:work:impl:transformDebugClassesWithAsm
> Task :core:work:impl:bundleLibCompileToJarDebug UP-TO-DATE
> Task :core:testing:kspDebugKotlin UP-TO-DATE
> Task :core:testing:compileDebugKotlin UP-TO-DATE
> Task :core:testing:compileDebugJavaWithJavac NO-SOURCE
> Task :core:work:impl:bundleLibRuntimeToJarDebug UP-TO-DATE
> Task :core:testing:transformDebugClassesWithAsm
> Task :core:testing:bundleLibCompileToJarDebug UP-TO-DATE
> Task :core:testing:bundleLibRuntimeToJarDebug UP-TO-DATE
> Task :core:domain:processDebugJavaRes UP-TO-DATE
> Task :core:testing:processDebugJavaRes UP-TO-DATE
> Task :core:work:impl:processDebugJavaRes UP-TO-DATE
> Task :feature:account:kspDebugKotlin
> Task :feature:account:compileDebugKotlin
> Task :api-app:kspDebugKotlin
> Task :feature:account:compileDebugJavaWithJavac UP-TO-DATE
> Task :api-app:compileDebugKotlin
> Task :feature:account:transformDebugClassesWithAsm
> Task :api-app:compileDebugJavaWithJavac UP-TO-DATE
> Task :api-app:hiltAggregateDepsDebug UP-TO-DATE
> Task :api-app:hiltJavaCompileDebug UP-TO-DATE
> Task :api-app:processDebugJavaRes UP-TO-DATE
> Task :api-app:bundleDebugClassesToCompileJar
> Task :api-app:transformDebugClassesWithAsm
> Task :api-app:bundleDebugClassesToRuntimeJar
> Task :feature:account:bundleLibCompileToJarDebug UP-TO-DATE
> Task :api-app:kspDebugUnitTestKotlin
> Task :api-app:compileDebugUnitTestKotlin
> Task :api-app:compileDebugUnitTestJavaWithJavac NO-SOURCE
> Task :feature:bookmarks:kspDebugKotlin
> Task :api-app:hiltAggregateDepsDebugUnitTest UP-TO-DATE
> Task :api-app:hiltJavaCompileDebugUnitTest NO-SOURCE
> Task :api-app:processDebugUnitTestJavaRes UP-TO-DATE
> Task :feature:bookmarks:compileDebugKotlin
> Task :api-app:transformDebugUnitTestClassesWithAsm
> Task :feature:bookmarks:compileDebugJavaWithJavac UP-TO-DATE
OpenJDK 64-Bit Server VM warning: Sharing is only supported for boot loader classes because bootstrap classpath has been appended
> Task :api-app:testDebugUnitTest
> Task :feature:bookmarks:transformDebugClassesWithAsm
> Task :feature:bookmarks:bundleLibCompileToJarDebug UP-TO-DATE
> Task :feature:category:kspDebugKotlin
> Task :feature:connection:kspDebugKotlin
> Task :feature:connection:compileDebugKotlin
> Task :feature:connection:compileDebugJavaWithJavac UP-TO-DATE
> Task :feature:connection:transformDebugClassesWithAsm
> Task :feature:connection:bundleLibCompileToJarDebug UP-TO-DATE
> Task :feature:category:compileDebugKotlin
> Task :feature:category:compileDebugJavaWithJavac UP-TO-DATE
> Task :feature:credentials:kspDebugKotlin
> Task :feature:category:transformDebugClassesWithAsm
> Task :feature:category:bundleLibCompileToJarDebug
> Task :feature:credentials:compileDebugKotlin
> Task :feature:credentials:compileDebugJavaWithJavac UP-TO-DATE
> Task :feature:credentials:transformDebugClassesWithAsm
> Task :feature:credentials:bundleLibCompileToJarDebug UP-TO-DATE
> Task :feature:credentials_manager:kspDebugKotlin
> Task :feature:credentials_manager:compileDebugKotlin
> Task :feature:credentials_manager:compileDebugJavaWithJavac UP-TO-DATE
> Task :feature:favorites:kspDebugKotlin
> Task :feature:credentials_manager:transformDebugClassesWithAsm
> Task :feature:credentials_manager:bundleLibCompileToJarDebug UP-TO-DATE
> Task :feature:favorites:compileDebugKotlin
> Task :feature:favorites:compileDebugJavaWithJavac UP-TO-DATE
> Task :feature:favorites:transformDebugClassesWithAsm
> Task :feature:favorites:bundleLibCompileToJarDebug UP-TO-DATE
> Task :feature:forum:kspDebugKotlin
> Task :feature:forum:compileDebugKotlin
> Task :feature:forum:compileDebugJavaWithJavac UP-TO-DATE
> Task :feature:forum:transformDebugClassesWithAsm
> Task :feature:forum:bundleLibCompileToJarDebug UP-TO-DATE
> Task :feature:login:kspDebugKotlin
> Task :feature:login:compileDebugKotlin
> Task :feature:login:compileDebugJavaWithJavac UP-TO-DATE
> Task :feature:login:transformDebugClassesWithAsm
> Task :feature:login:bundleLibCompileToJarDebug UP-TO-DATE
> Task :feature:account:bundleLibRuntimeToJarDebug UP-TO-DATE
> Task :feature:connection:bundleLibRuntimeToJarDebug UP-TO-DATE
> Task :feature:main:kspDebugKotlin
> Task :feature:main:compileDebugKotlin
> Task :feature:main:compileDebugJavaWithJavac UP-TO-DATE
> Task :feature:main:transformDebugClassesWithAsm
> Task :feature:main:bundleLibCompileToJarDebug UP-TO-DATE
> Task :feature:menu:kspDebugKotlin
> Task :feature:menu:compileDebugKotlin
> Task :feature:menu:compileDebugJavaWithJavac UP-TO-DATE
> Task :feature:menu:transformDebugClassesWithAsm
> Task :feature:menu:bundleLibCompileToJarDebug UP-TO-DATE
> Task :feature:credentials_manager:bundleLibRuntimeToJarDebug UP-TO-DATE
> Task :feature:onboarding:kspDebugKotlin
> Task :feature:onboarding:compileDebugKotlin
> Task :feature:onboarding:compileDebugJavaWithJavac UP-TO-DATE
> Task :feature:onboarding:transformDebugClassesWithAsm
> Task :feature:onboarding:bundleLibCompileToJarDebug UP-TO-DATE
> Task :feature:provider_config:kspDebugKotlin
> Task :feature:provider_config:compileDebugKotlin
> Task :feature:provider_config:compileDebugJavaWithJavac UP-TO-DATE
> Task :feature:provider_config:transformDebugClassesWithAsm
> Task :feature:provider_config:bundleLibCompileToJarDebug UP-TO-DATE
> Task :feature:rating:kspDebugKotlin
> Task :feature:rating:compileDebugKotlin
> Task :feature:rating:compileDebugJavaWithJavac UP-TO-DATE
> Task :feature:rating:transformDebugClassesWithAsm
> Task :feature:rating:bundleLibCompileToJarDebug UP-TO-DATE
> Task :feature:search:kspDebugKotlin
> Task :feature:search:compileDebugKotlin
> Task :feature:search:compileDebugJavaWithJavac UP-TO-DATE
> Task :feature:search:transformDebugClassesWithAsm
> Task :feature:search:bundleLibCompileToJarDebug UP-TO-DATE
> Task :feature:search_input:kspDebugKotlin
> Task :feature:search_input:compileDebugKotlin
> Task :feature:search_input:compileDebugJavaWithJavac UP-TO-DATE
> Task :feature:search_input:transformDebugClassesWithAsm
> Task :feature:search_input:bundleLibCompileToJarDebug UP-TO-DATE
> Task :feature:topic:kspDebugKotlin
> Task :feature:search_result:kspDebugKotlin
> Task :feature:search_result:compileDebugKotlin
> Task :feature:search_result:compileDebugJavaWithJavac UP-TO-DATE
> Task :feature:search_result:transformDebugClassesWithAsm
> Task :feature:topic:compileDebugKotlin
> Task :feature:search_result:bundleLibCompileToJarDebug
> Task :feature:topic:compileDebugJavaWithJavac UP-TO-DATE
> Task :feature:topic:transformDebugClassesWithAsm
> Task :feature:topic:bundleLibCompileToJarDebug
> Task :core:network:impl:transformDebugClassesWithAsm UP-TO-DATE
> Task :core:network:impl:bundleLibCompileToJarDebug UP-TO-DATE
> Task :app:javaPreCompileDebug UP-TO-DATE
> Task :feature:menu:bundleLibRuntimeToJarDebug UP-TO-DATE
> Task :feature:bookmarks:bundleLibRuntimeToJarDebug UP-TO-DATE
> Task :feature:category:bundleLibRuntimeToJarDebug
> Task :feature:favorites:bundleLibRuntimeToJarDebug UP-TO-DATE
> Task :feature:forum:bundleLibRuntimeToJarDebug UP-TO-DATE
> Task :feature:login:bundleLibRuntimeToJarDebug UP-TO-DATE
> Task :feature:onboarding:bundleLibRuntimeToJarDebug UP-TO-DATE
> Task :feature:main:bundleLibRuntimeToJarDebug UP-TO-DATE
> Task :feature:rating:bundleLibRuntimeToJarDebug UP-TO-DATE
> Task :feature:search:bundleLibRuntimeToJarDebug UP-TO-DATE
> Task :feature:search_input:bundleLibRuntimeToJarDebug UP-TO-DATE
> Task :feature:search_result:bundleLibRuntimeToJarDebug
> Task :feature:topic:bundleLibRuntimeToJarDebug
> Task :feature:credentials:bundleLibRuntimeToJarDebug UP-TO-DATE
> Task :feature:provider_config:bundleLibRuntimeToJarDebug UP-TO-DATE
> Task :core:network:impl:bundleLibRuntimeToJarDebug UP-TO-DATE
> Task :app:mergeDebugShaders UP-TO-DATE
> Task :app:compileDebugShaders NO-SOURCE
> Task :app:generateDebugAssets UP-TO-DATE
> Task :core:credentials:mergeDebugShaders UP-TO-DATE
> Task :core:credentials:compileDebugShaders NO-SOURCE
> Task :core:credentials:generateDebugAssets UP-TO-DATE
> Task :core:credentials:packageDebugAssets UP-TO-DATE
> Task :core:data:mergeDebugShaders UP-TO-DATE
> Task :core:data:compileDebugShaders NO-SOURCE
> Task :core:data:generateDebugAssets UP-TO-DATE
> Task :core:data:packageDebugAssets UP-TO-DATE
> Task :core:database:mergeDebugShaders UP-TO-DATE
> Task :core:database:compileDebugShaders NO-SOURCE
> Task :core:database:generateDebugAssets UP-TO-DATE
> Task :core:database:packageDebugAssets UP-TO-DATE
> Task :core:dispatchers:mergeDebugShaders UP-TO-DATE
> Task :core:dispatchers:compileDebugShaders NO-SOURCE
> Task :core:dispatchers:generateDebugAssets UP-TO-DATE
> Task :core:dispatchers:packageDebugAssets UP-TO-DATE
> Task :core:domain:mergeDebugShaders UP-TO-DATE
> Task :core:domain:compileDebugShaders NO-SOURCE
> Task :core:domain:generateDebugAssets UP-TO-DATE
> Task :core:domain:packageDebugAssets UP-TO-DATE
> Task :core:downloads:mergeDebugShaders UP-TO-DATE
> Task :core:downloads:compileDebugShaders NO-SOURCE
> Task :core:downloads:generateDebugAssets UP-TO-DATE
> Task :core:downloads:packageDebugAssets UP-TO-DATE
> Task :core:logger:mergeDebugShaders UP-TO-DATE
> Task :core:logger:compileDebugShaders NO-SOURCE
> Task :core:logger:generateDebugAssets UP-TO-DATE
> Task :core:logger:packageDebugAssets UP-TO-DATE
> Task :core:navigation:mergeDebugShaders UP-TO-DATE
> Task :core:navigation:compileDebugShaders NO-SOURCE
> Task :core:navigation:generateDebugAssets UP-TO-DATE
> Task :core:navigation:packageDebugAssets UP-TO-DATE
> Task :core:preferences:mergeDebugShaders UP-TO-DATE
> Task :core:preferences:compileDebugShaders NO-SOURCE
> Task :core:preferences:generateDebugAssets UP-TO-DATE
> Task :core:preferences:packageDebugAssets UP-TO-DATE
> Task :core:sync:mergeDebugShaders UP-TO-DATE
> Task :core:sync:compileDebugShaders NO-SOURCE
> Task :core:sync:generateDebugAssets UP-TO-DATE
> Task :core:sync:packageDebugAssets UP-TO-DATE
> Task :core:ui:mergeDebugShaders UP-TO-DATE
> Task :core:ui:compileDebugShaders NO-SOURCE
> Task :core:ui:generateDebugAssets UP-TO-DATE
> Task :core:ui:packageDebugAssets UP-TO-DATE
> Task :feature:account:mergeDebugShaders UP-TO-DATE
> Task :feature:account:compileDebugShaders NO-SOURCE
> Task :feature:account:generateDebugAssets UP-TO-DATE
> Task :feature:account:packageDebugAssets UP-TO-DATE
> Task :feature:bookmarks:mergeDebugShaders UP-TO-DATE
> Task :feature:bookmarks:compileDebugShaders NO-SOURCE
> Task :feature:bookmarks:generateDebugAssets UP-TO-DATE
> Task :feature:bookmarks:packageDebugAssets UP-TO-DATE
> Task :feature:category:mergeDebugShaders UP-TO-DATE
> Task :feature:category:compileDebugShaders NO-SOURCE
> Task :feature:category:generateDebugAssets UP-TO-DATE
> Task :feature:category:packageDebugAssets UP-TO-DATE
> Task :feature:connection:mergeDebugShaders UP-TO-DATE
> Task :feature:connection:compileDebugShaders NO-SOURCE
> Task :feature:connection:generateDebugAssets UP-TO-DATE
> Task :feature:connection:packageDebugAssets UP-TO-DATE
> Task :feature:credentials:mergeDebugShaders UP-TO-DATE
> Task :feature:credentials:compileDebugShaders NO-SOURCE
> Task :feature:credentials:generateDebugAssets UP-TO-DATE
> Task :feature:credentials:packageDebugAssets UP-TO-DATE
> Task :feature:credentials_manager:mergeDebugShaders UP-TO-DATE
> Task :feature:credentials_manager:compileDebugShaders NO-SOURCE
> Task :feature:credentials_manager:generateDebugAssets UP-TO-DATE
> Task :feature:credentials_manager:packageDebugAssets UP-TO-DATE
> Task :feature:favorites:mergeDebugShaders UP-TO-DATE
> Task :feature:favorites:compileDebugShaders NO-SOURCE
> Task :feature:favorites:generateDebugAssets UP-TO-DATE
> Task :feature:favorites:packageDebugAssets UP-TO-DATE
> Task :feature:forum:mergeDebugShaders UP-TO-DATE
> Task :feature:forum:compileDebugShaders NO-SOURCE
> Task :feature:forum:generateDebugAssets UP-TO-DATE
> Task :feature:forum:packageDebugAssets UP-TO-DATE
> Task :feature:login:mergeDebugShaders UP-TO-DATE
> Task :feature:login:compileDebugShaders NO-SOURCE
> Task :feature:login:generateDebugAssets UP-TO-DATE
> Task :feature:login:packageDebugAssets UP-TO-DATE
> Task :feature:main:mergeDebugShaders UP-TO-DATE
> Task :feature:main:compileDebugShaders NO-SOURCE
> Task :feature:main:generateDebugAssets UP-TO-DATE
> Task :feature:main:packageDebugAssets UP-TO-DATE
> Task :feature:menu:mergeDebugShaders UP-TO-DATE
> Task :feature:menu:compileDebugShaders NO-SOURCE
> Task :feature:menu:generateDebugAssets UP-TO-DATE
> Task :feature:menu:packageDebugAssets UP-TO-DATE
> Task :feature:onboarding:mergeDebugShaders UP-TO-DATE
> Task :feature:onboarding:compileDebugShaders NO-SOURCE
> Task :feature:onboarding:generateDebugAssets UP-TO-DATE
> Task :feature:onboarding:packageDebugAssets UP-TO-DATE
> Task :feature:provider_config:mergeDebugShaders UP-TO-DATE
> Task :feature:provider_config:compileDebugShaders NO-SOURCE
> Task :feature:provider_config:generateDebugAssets UP-TO-DATE
> Task :feature:provider_config:packageDebugAssets UP-TO-DATE
> Task :feature:rating:mergeDebugShaders UP-TO-DATE
> Task :feature:rating:compileDebugShaders NO-SOURCE
> Task :feature:rating:generateDebugAssets UP-TO-DATE
> Task :feature:rating:packageDebugAssets UP-TO-DATE
> Task :feature:search:mergeDebugShaders UP-TO-DATE
> Task :feature:search:compileDebugShaders NO-SOURCE
> Task :feature:search:generateDebugAssets UP-TO-DATE
> Task :feature:search:packageDebugAssets UP-TO-DATE
> Task :feature:search_input:mergeDebugShaders UP-TO-DATE
> Task :feature:search_input:compileDebugShaders NO-SOURCE
> Task :feature:search_input:generateDebugAssets UP-TO-DATE
> Task :feature:search_input:packageDebugAssets UP-TO-DATE
> Task :feature:search_result:mergeDebugShaders UP-TO-DATE
> Task :feature:search_result:compileDebugShaders NO-SOURCE
> Task :feature:search_result:generateDebugAssets UP-TO-DATE
> Task :feature:search_result:packageDebugAssets UP-TO-DATE
> Task :feature:topic:mergeDebugShaders UP-TO-DATE
> Task :feature:topic:compileDebugShaders NO-SOURCE
> Task :feature:topic:generateDebugAssets UP-TO-DATE
> Task :feature:topic:packageDebugAssets UP-TO-DATE
> Task :feature:visited:mergeDebugShaders UP-TO-DATE
> Task :feature:visited:compileDebugShaders NO-SOURCE
> Task :feature:visited:generateDebugAssets UP-TO-DATE
> Task :feature:visited:packageDebugAssets UP-TO-DATE
> Task :core:auth:impl:mergeDebugShaders UP-TO-DATE
> Task :core:auth:impl:compileDebugShaders NO-SOURCE
> Task :core:auth:impl:generateDebugAssets UP-TO-DATE
> Task :core:auth:impl:packageDebugAssets UP-TO-DATE
> Task :core:network:impl:mergeDebugShaders UP-TO-DATE
> Task :core:network:impl:compileDebugShaders NO-SOURCE
> Task :core:network:impl:generateDebugAssets UP-TO-DATE
> Task :core:network:impl:packageDebugAssets UP-TO-DATE
> Task :core:tracker:client:mergeDebugShaders UP-TO-DATE
> Task :core:tracker:client:compileDebugShaders NO-SOURCE
> Task :core:tracker:client:generateDebugAssets UP-TO-DATE
> Task :core:tracker:client:packageDebugAssets UP-TO-DATE
> Task :core:work:impl:mergeDebugShaders UP-TO-DATE
> Task :core:work:impl:compileDebugShaders NO-SOURCE
> Task :core:work:impl:generateDebugAssets UP-TO-DATE
> Task :core:work:impl:packageDebugAssets UP-TO-DATE
> Task :app:mergeDebugAssets UP-TO-DATE
> Task :app:preDebugUnitTestBuild UP-TO-DATE
> Task :app:packageDebugUnitTestForUnitTest
> Task :app:generateDebugUnitTestConfig
> Task :app:javaPreCompileDebugUnitTest UP-TO-DATE
> Task :core:credentials:processDebugJavaRes UP-TO-DATE
> Task :core:navigation:processDebugJavaRes UP-TO-DATE
> Task :core:ui:processDebugJavaRes UP-TO-DATE
> Task :feature:account:processDebugJavaRes UP-TO-DATE
> Task :feature:bookmarks:processDebugJavaRes UP-TO-DATE
> Task :feature:visited:kspDebugKotlin
> Task :feature:category:processDebugJavaRes UP-TO-DATE
> Task :feature:connection:processDebugJavaRes UP-TO-DATE
> Task :feature:credentials:processDebugJavaRes UP-TO-DATE
> Task :feature:credentials_manager:processDebugJavaRes UP-TO-DATE
> Task :feature:favorites:processDebugJavaRes UP-TO-DATE
> Task :feature:forum:processDebugJavaRes UP-TO-DATE
> Task :feature:login:processDebugJavaRes UP-TO-DATE
> Task :feature:main:processDebugJavaRes UP-TO-DATE
> Task :feature:menu:processDebugJavaRes UP-TO-DATE
> Task :feature:onboarding:processDebugJavaRes UP-TO-DATE
> Task :feature:provider_config:processDebugJavaRes UP-TO-DATE
> Task :feature:rating:processDebugJavaRes UP-TO-DATE
> Task :feature:search:processDebugJavaRes UP-TO-DATE
> Task :feature:search_input:processDebugJavaRes UP-TO-DATE
> Task :feature:search_result:processDebugJavaRes UP-TO-DATE
> Task :feature:topic:processDebugJavaRes UP-TO-DATE
> Task :core:network:impl:processDebugJavaRes UP-TO-DATE
> Task :core:apiengine:preDebugUnitTestBuild UP-TO-DATE
> Task :core:apiengine:generateDebugUnitTestStubRFile UP-TO-DATE
> Task :core:apiengine:compileDebugUnitTestKotlin UP-TO-DATE
> Task :core:apiengine:javaPreCompileDebugUnitTest UP-TO-DATE
> Task :core:apiengine:compileDebugUnitTestJavaWithJavac NO-SOURCE
> Task :feature:visited:compileDebugKotlin
> Task :core:apiengine:processDebugUnitTestJavaRes UP-TO-DATE
> Task :feature:visited:compileDebugJavaWithJavac UP-TO-DATE
> Task :feature:visited:processDebugJavaRes UP-TO-DATE
> Task :core:apiengine:testDebugUnitTest UP-TO-DATE
> Task :core:applink:preDebugUnitTestBuild UP-TO-DATE
> Task :core:applink:checkDebugUnitTestAarMetadata UP-TO-DATE
> Task :core:applink:generateDebugUnitTestResValues UP-TO-DATE
> Task :core:applink:mapDebugUnitTestSourceSetPaths UP-TO-DATE
> Task :core:applink:generateDebugUnitTestResources UP-TO-DATE
> Task :core:applink:mergeDebugUnitTestResources UP-TO-DATE
> Task :core:applink:processDebugUnitTestManifest UP-TO-DATE
> Task :feature:visited:transformDebugClassesWithAsm
> Task :core:applink:processDebugUnitTestResources UP-TO-DATE
> Task :feature:visited:bundleLibCompileToJarDebug UP-TO-DATE
> Task :feature:visited:bundleLibRuntimeToJarDebug UP-TO-DATE
> Task :core:applink:compileDebugUnitTestKotlin UP-TO-DATE
> Task :core:applink:javaPreCompileDebugUnitTest UP-TO-DATE
> Task :core:applink:compileDebugUnitTestJavaWithJavac NO-SOURCE
> Task :core:applink:mergeDebugAssets UP-TO-DATE
> Task :core:applink:generateDebugUnitTestAssets UP-TO-DATE
> Task :core:applink:mergeDebugUnitTestAssets UP-TO-DATE
> Task :core:applink:packageDebugUnitTestForUnitTest UP-TO-DATE
> Task :core:applink:generateDebugUnitTestConfig UP-TO-DATE
> Task :core:applink:processDebugUnitTestJavaRes UP-TO-DATE
> Task :core:applink:testDebugUnitTest UP-TO-DATE
> Task :core:credentials:preDebugUnitTestBuild UP-TO-DATE
> Task :core:credentials:generateDebugUnitTestStubRFile
> Task :app:kspDebugKotlin
> Task :core:credentials:kspDebugUnitTestKotlin
> Task :core:credentials:compileDebugUnitTestKotlin
> Task :core:credentials:javaPreCompileDebugUnitTest UP-TO-DATE
> Task :core:credentials:compileDebugUnitTestJavaWithJavac NO-SOURCE
> Task :core:credentials:hiltAggregateDepsDebugUnitTest UP-TO-DATE
> Task :core:credentials:hiltJavaCompileDebugUnitTest NO-SOURCE
> Task :core:credentials:processDebugUnitTestJavaRes UP-TO-DATE
> Task :core:credentials:transformDebugUnitTestClassesWithAsm

> Task :app:compileDebugKotlin
w: file:///Users/milosvasic/Projects/Lava/app/src/main/kotlin/digital/vasic/lava/client/navigation/MobileNavigation.kt:115:1 Experimental context receivers are deprecated and will be superseded by context parameters. Please don't use context receivers. You can either pass parameters explicitly or use members with extensions.

See new context parameters proposal: https://github.com/Kotlin/KEEP/blob/context-parameters/proposals/context-parameters.md. During the transition period, neither context receivers nor context parameters will be supported. This warning will become an error in future releases.
w: file:///Users/milosvasic/Projects/Lava/app/src/main/kotlin/digital/vasic/lava/client/navigation/MobileNavigation.kt:151:1 Experimental context receivers are deprecated and will be superseded by context parameters. Please don't use context receivers. You can either pass parameters explicitly or use members with extensions.

See new context parameters proposal: https://github.com/Kotlin/KEEP/blob/context-parameters/proposals/context-parameters.md. During the transition period, neither context receivers nor context parameters will be supported. This warning will become an error in future releases.
w: file:///Users/milosvasic/Projects/Lava/app/src/main/kotlin/digital/vasic/lava/client/navigation/MobileNavigation.kt:184:1 Experimental context receivers are deprecated and will be superseded by context parameters. Please don't use context receivers. You can either pass parameters explicitly or use members with extensions.

See new context parameters proposal: https://github.com/Kotlin/KEEP/blob/context-parameters/proposals/context-parameters.md. During the transition period, neither context receivers nor context parameters will be supported. This warning will become an error in future releases.
w: file:///Users/milosvasic/Projects/Lava/app/src/main/kotlin/digital/vasic/lava/client/navigation/MobileNavigation.kt:222:1 Experimental context receivers are deprecated and will be superseded by context parameters. Please don't use context receivers. You can either pass parameters explicitly or use members with extensions.

See new context parameters proposal: https://github.com/Kotlin/KEEP/blob/context-parameters/proposals/context-parameters.md. During the transition period, neither context receivers nor context parameters will be supported. This warning will become an error in future releases.
w: file:///Users/milosvasic/Projects/Lava/app/src/main/kotlin/digital/vasic/lava/client/navigation/MobileNavigation.kt:245:1 Experimental context receivers are deprecated and will be superseded by context parameters. Please don't use context receivers. You can either pass parameters explicitly or use members with extensions.

See new context parameters proposal: https://github.com/Kotlin/KEEP/blob/context-parameters/proposals/context-parameters.md. During the transition period, neither context receivers nor context parameters will be supported. This warning will become an error in future releases.

> Task :core:credentials:testDebugUnitTest
> Task :app:compileDebugJavaWithJavac UP-TO-DATE
> Task :app:hiltAggregateDepsDebug UP-TO-DATE
> Task :app:hiltJavaCompileDebug UP-TO-DATE
> Task :app:processDebugJavaRes UP-TO-DATE
> Task :app:bundleDebugClassesToCompileJar
> Task :app:transformDebugClassesWithAsm
> Task :app:bundleDebugClassesToRuntimeJar
> Task :core:data:preDebugUnitTestBuild UP-TO-DATE
> Task :core:data:generateDebugUnitTestStubRFile UP-TO-DATE
> Task :core:data:kspDebugUnitTestKotlin UP-TO-DATE
> Task :core:data:compileDebugUnitTestKotlin UP-TO-DATE
> Task :core:data:javaPreCompileDebugUnitTest UP-TO-DATE
> Task :core:data:compileDebugUnitTestJavaWithJavac NO-SOURCE
> Task :core:data:hiltAggregateDepsDebugUnitTest UP-TO-DATE
> Task :core:data:hiltJavaCompileDebugUnitTest NO-SOURCE
> Task :core:data:processDebugUnitTestJavaRes UP-TO-DATE
> Task :core:data:transformDebugUnitTestClassesWithAsm UP-TO-DATE
> Task :core:data:testDebugUnitTest UP-TO-DATE
> Task :core:database:hiltAggregateDepsDebugUnitTest UP-TO-DATE
> Task :core:database:hiltJavaCompileDebugUnitTest NO-SOURCE
> Task :core:database:processDebugUnitTestJavaRes NO-SOURCE
> Task :core:database:transformDebugUnitTestClassesWithAsm UP-TO-DATE
> Task :core:database:testDebugUnitTest NO-SOURCE
> Task :core:designsystem:preDebugUnitTestBuild UP-TO-DATE
> Task :core:testing:writeDebugAarMetadata UP-TO-DATE
> Task :core:designsystem:checkDebugUnitTestAarMetadata UP-TO-DATE
> Task :core:designsystem:generateDebugUnitTestResValues UP-TO-DATE
> Task :app:kspDebugUnitTestKotlin
> Task :core:designsystem:mapDebugUnitTestSourceSetPaths
> Task :core:designsystem:generateDebugUnitTestResources UP-TO-DATE
> Task :app:compileDebugUnitTestKotlin
> Task :app:compileDebugUnitTestJavaWithJavac NO-SOURCE
> Task :app:hiltAggregateDepsDebugUnitTest UP-TO-DATE
> Task :app:hiltJavaCompileDebugUnitTest NO-SOURCE
> Task :app:processDebugUnitTestJavaRes UP-TO-DATE
> Task :app:transformDebugUnitTestClassesWithAsm
> Task :core:designsystem:mergeDebugUnitTestResources
OpenJDK 64-Bit Server VM warning: Sharing is only supported for boot loader classes because bootstrap classpath has been appended
> Task :app:testDebugUnitTest
> Task :core:testing:extractDeepLinksDebug UP-TO-DATE
> Task :core:testing:processDebugManifest UP-TO-DATE
> Task :core:designsystem:processDebugUnitTestManifest UP-TO-DATE
> Task :core:testing:compileDebugLibraryResources UP-TO-DATE
> Task :core:designsystem:javaPreCompileDebugUnitTest UP-TO-DATE
> Task :core:designsystem:mergeDebugAssets UP-TO-DATE
> Task :core:designsystem:generateDebugUnitTestAssets UP-TO-DATE
> Task :core:testing:mergeDebugShaders UP-TO-DATE
> Task :core:testing:compileDebugShaders NO-SOURCE
> Task :core:testing:generateDebugAssets UP-TO-DATE
> Task :core:testing:packageDebugAssets UP-TO-DATE
> Task :core:designsystem:mergeDebugUnitTestAssets UP-TO-DATE
> Task :core:dispatchers:preDebugUnitTestBuild UP-TO-DATE
> Task :core:dispatchers:generateDebugUnitTestStubRFile UP-TO-DATE
> Task :core:dispatchers:kspDebugUnitTestKotlin NO-SOURCE
> Task :core:dispatchers:compileDebugUnitTestKotlin NO-SOURCE
> Task :core:dispatchers:javaPreCompileDebugUnitTest UP-TO-DATE
> Task :core:dispatchers:compileDebugUnitTestJavaWithJavac NO-SOURCE
> Task :core:dispatchers:hiltAggregateDepsDebugUnitTest UP-TO-DATE
> Task :core:dispatchers:hiltJavaCompileDebugUnitTest NO-SOURCE
> Task :core:dispatchers:processDebugUnitTestJavaRes NO-SOURCE
> Task :core:dispatchers:transformDebugUnitTestClassesWithAsm UP-TO-DATE
> Task :core:dispatchers:testDebugUnitTest NO-SOURCE
> Task :core:domain:preDebugUnitTestBuild UP-TO-DATE
> Task :core:domain:generateDebugUnitTestStubRFile
> Task :core:domain:kspDebugUnitTestKotlin
> Task :core:domain:compileDebugUnitTestKotlin
> Task :core:domain:javaPreCompileDebugUnitTest UP-TO-DATE
> Task :core:domain:compileDebugUnitTestJavaWithJavac NO-SOURCE
> Task :core:domain:hiltAggregateDepsDebugUnitTest UP-TO-DATE
> Task :core:domain:hiltJavaCompileDebugUnitTest NO-SOURCE
> Task :core:domain:processDebugUnitTestJavaRes UP-TO-DATE
> Task :core:domain:transformDebugUnitTestClassesWithAsm
> Task :core:designsystem:processDebugUnitTestResources
> Task :core:domain:testDebugUnitTest
> Task :core:designsystem:packageDebugUnitTestForUnitTest
> Task :core:designsystem:generateDebugUnitTestConfig
> Task :core:downloads:preDebugUnitTestBuild UP-TO-DATE
> Task :core:downloads:generateDebugUnitTestStubRFile UP-TO-DATE
> Task :core:downloads:kspDebugUnitTestKotlin NO-SOURCE
> Task :core:downloads:compileDebugUnitTestKotlin NO-SOURCE
> Task :core:downloads:javaPreCompileDebugUnitTest UP-TO-DATE
> Task :core:downloads:compileDebugUnitTestJavaWithJavac NO-SOURCE
> Task :core:downloads:hiltAggregateDepsDebugUnitTest UP-TO-DATE
> Task :core:downloads:hiltJavaCompileDebugUnitTest NO-SOURCE
> Task :core:downloads:processDebugUnitTestJavaRes NO-SOURCE
> Task :core:downloads:transformDebugUnitTestClassesWithAsm UP-TO-DATE
> Task :core:downloads:testDebugUnitTest NO-SOURCE
> Task :core:logger:preDebugUnitTestBuild UP-TO-DATE
> Task :core:logger:generateDebugUnitTestStubRFile UP-TO-DATE
> Task :core:logger:kspDebugUnitTestKotlin NO-SOURCE
> Task :core:logger:compileDebugUnitTestKotlin NO-SOURCE
> Task :core:logger:javaPreCompileDebugUnitTest UP-TO-DATE
> Task :core:logger:compileDebugUnitTestJavaWithJavac NO-SOURCE
> Task :core:logger:hiltAggregateDepsDebugUnitTest UP-TO-DATE
> Task :core:logger:hiltJavaCompileDebugUnitTest NO-SOURCE
> Task :core:logger:processDebugUnitTestJavaRes NO-SOURCE
> Task :core:logger:transformDebugUnitTestClassesWithAsm UP-TO-DATE
> Task :core:logger:testDebugUnitTest NO-SOURCE
> Task :core:navigation:preDebugUnitTestBuild UP-TO-DATE
> Task :core:navigation:generateDebugUnitTestStubRFile
> Task :core:navigation:compileDebugUnitTestKotlin NO-SOURCE
> Task :core:navigation:javaPreCompileDebugUnitTest UP-TO-DATE
> Task :core:navigation:compileDebugUnitTestJavaWithJavac NO-SOURCE
> Task :core:navigation:processDebugUnitTestJavaRes NO-SOURCE
> Task :core:navigation:testDebugUnitTest NO-SOURCE
> Task :core:notifications:preDebugUnitTestBuild UP-TO-DATE
> Task :core:notifications:generateDebugUnitTestStubRFile
> Task :core:notifications:kspDebugUnitTestKotlin NO-SOURCE
> Task :core:notifications:compileDebugUnitTestKotlin NO-SOURCE
> Task :core:notifications:javaPreCompileDebugUnitTest UP-TO-DATE
> Task :core:notifications:compileDebugUnitTestJavaWithJavac NO-SOURCE
> Task :core:notifications:hiltAggregateDepsDebugUnitTest UP-TO-DATE
> Task :core:notifications:hiltJavaCompileDebugUnitTest NO-SOURCE
> Task :core:notifications:processDebugUnitTestJavaRes NO-SOURCE
> Task :core:notifications:transformDebugUnitTestClassesWithAsm
> Task :core:notifications:testDebugUnitTest NO-SOURCE
> Task :core:preferences:preDebugUnitTestBuild UP-TO-DATE
> Task :core:preferences:generateDebugUnitTestStubRFile UP-TO-DATE
> Task :core:preferences:kspDebugUnitTestKotlin UP-TO-DATE
> Task :core:preferences:compileDebugUnitTestKotlin UP-TO-DATE
> Task :core:preferences:javaPreCompileDebugUnitTest UP-TO-DATE
> Task :core:preferences:compileDebugUnitTestJavaWithJavac NO-SOURCE
> Task :core:preferences:hiltAggregateDepsDebugUnitTest UP-TO-DATE
> Task :core:preferences:hiltJavaCompileDebugUnitTest NO-SOURCE
> Task :core:preferences:processDebugUnitTestJavaRes UP-TO-DATE
> Task :core:preferences:transformDebugUnitTestClassesWithAsm UP-TO-DATE
> Task :core:preferences:testDebugUnitTest UP-TO-DATE
> Task :core:sync:preDebugUnitTestBuild UP-TO-DATE
> Task :core:sync:generateDebugUnitTestStubRFile UP-TO-DATE
> Task :core:sync:kspDebugUnitTestKotlin UP-TO-DATE
> Task :core:sync:compileDebugUnitTestKotlin UP-TO-DATE
> Task :core:sync:javaPreCompileDebugUnitTest UP-TO-DATE
> Task :core:sync:compileDebugUnitTestJavaWithJavac NO-SOURCE
> Task :core:sync:hiltAggregateDepsDebugUnitTest UP-TO-DATE
> Task :core:sync:hiltJavaCompileDebugUnitTest NO-SOURCE
> Task :core:sync:processDebugUnitTestJavaRes UP-TO-DATE
> Task :core:sync:transformDebugUnitTestClassesWithAsm UP-TO-DATE
> Task :core:sync:testDebugUnitTest UP-TO-DATE
> Task :core:testing:preDebugUnitTestBuild UP-TO-DATE
> Task :core:testing:generateDebugUnitTestStubRFile
> Task :core:designsystem:compileDebugUnitTestKotlin
> Task :core:designsystem:compileDebugUnitTestJavaWithJavac NO-SOURCE
> Task :core:designsystem:processDebugUnitTestJavaRes

> Task :core:testing:kspDebugUnitTestKotlin
w: Opt-in requirement marker androidx.compose.animation.ExperimentalAnimationApi is unresolved. Please make sure it's present in the module dependencies
w: Opt-in requirement marker androidx.compose.foundation.ExperimentalFoundationApi is unresolved. Please make sure it's present in the module dependencies
w: Opt-in requirement marker androidx.compose.foundation.layout.ExperimentalLayoutApi is unresolved. Please make sure it's present in the module dependencies

> Task :core:designsystem:testDebugUnitTest
> Task :core:testing:javaPreCompileDebugUnitTest UP-TO-DATE
> Task :core:ui:preDebugUnitTestBuild UP-TO-DATE
> Task :core:ui:generateDebugUnitTestStubRFile
> Task :core:ui:compileDebugUnitTestKotlin NO-SOURCE
> Task :core:ui:javaPreCompileDebugUnitTest UP-TO-DATE
> Task :core:ui:compileDebugUnitTestJavaWithJavac NO-SOURCE
> Task :core:ui:processDebugUnitTestJavaRes NO-SOURCE
> Task :core:ui:testDebugUnitTest NO-SOURCE
> Task :feature:account:preDebugUnitTestBuild UP-TO-DATE
> Task :core:testing:compileDebugUnitTestKotlin
> Task :core:testing:compileDebugUnitTestJavaWithJavac NO-SOURCE
> Task :feature:account:generateDebugUnitTestStubRFile
> Task :core:testing:hiltAggregateDepsDebugUnitTest UP-TO-DATE
> Task :core:testing:hiltJavaCompileDebugUnitTest NO-SOURCE
> Task :core:testing:processDebugUnitTestJavaRes UP-TO-DATE
> Task :feature:account:kspDebugUnitTestKotlin NO-SOURCE
> Task :feature:account:compileDebugUnitTestKotlin NO-SOURCE
> Task :feature:account:javaPreCompileDebugUnitTest UP-TO-DATE
> Task :feature:account:compileDebugUnitTestJavaWithJavac NO-SOURCE
> Task :core:testing:transformDebugUnitTestClassesWithAsm
> Task :feature:account:hiltAggregateDepsDebugUnitTest UP-TO-DATE
> Task :core:testing:testDebugUnitTest
> Task :feature:account:hiltJavaCompileDebugUnitTest NO-SOURCE
> Task :feature:account:processDebugUnitTestJavaRes NO-SOURCE
> Task :feature:bookmarks:preDebugUnitTestBuild UP-TO-DATE
> Task :feature:account:transformDebugUnitTestClassesWithAsm
> Task :feature:account:testDebugUnitTest NO-SOURCE
> Task :feature:bookmarks:javaPreCompileDebugUnitTest UP-TO-DATE
> Task :feature:category:preDebugUnitTestBuild UP-TO-DATE
> Task :feature:bookmarks:generateDebugUnitTestStubRFile
> Task :feature:bookmarks:kspDebugUnitTestKotlin NO-SOURCE
> Task :feature:bookmarks:compileDebugUnitTestKotlin NO-SOURCE
> Task :feature:bookmarks:compileDebugUnitTestJavaWithJavac NO-SOURCE
> Task :feature:category:generateDebugUnitTestStubRFile
> Task :feature:bookmarks:hiltAggregateDepsDebugUnitTest UP-TO-DATE
> Task :feature:bookmarks:hiltJavaCompileDebugUnitTest NO-SOURCE
> Task :feature:bookmarks:processDebugUnitTestJavaRes NO-SOURCE
> Task :feature:category:kspDebugUnitTestKotlin NO-SOURCE
> Task :feature:category:compileDebugUnitTestKotlin NO-SOURCE
> Task :feature:category:javaPreCompileDebugUnitTest UP-TO-DATE
> Task :feature:bookmarks:transformDebugUnitTestClassesWithAsm
> Task :feature:category:compileDebugUnitTestJavaWithJavac NO-SOURCE
> Task :feature:bookmarks:testDebugUnitTest NO-SOURCE
> Task :feature:category:hiltAggregateDepsDebugUnitTest UP-TO-DATE
> Task :feature:category:hiltJavaCompileDebugUnitTest NO-SOURCE
> Task :feature:category:processDebugUnitTestJavaRes NO-SOURCE
> Task :feature:connection:preDebugUnitTestBuild UP-TO-DATE
> Task :feature:category:transformDebugUnitTestClassesWithAsm
> Task :feature:category:testDebugUnitTest NO-SOURCE
> Task :feature:connection:javaPreCompileDebugUnitTest UP-TO-DATE
> Task :core:tracker:testing:checkKotlinGradlePluginConfigurationErrors SKIPPED
> Task :core:tracker:testing:compileKotlin UP-TO-DATE
> Task :core:tracker:testing:compileJava NO-SOURCE
> Task :core:tracker:testing:processResources NO-SOURCE
> Task :core:tracker:testing:classes UP-TO-DATE
> Task :feature:connection:generateDebugUnitTestStubRFile
> Task :core:tracker:testing:jar UP-TO-DATE
> Task :feature:credentials:preDebugUnitTestBuild UP-TO-DATE
> Task :feature:credentials:generateDebugUnitTestStubRFile
> Task :feature:connection:kspDebugUnitTestKotlin
> Task :feature:connection:compileDebugUnitTestKotlin
> Task :feature:connection:compileDebugUnitTestJavaWithJavac NO-SOURCE
> Task :feature:connection:hiltAggregateDepsDebugUnitTest UP-TO-DATE
> Task :feature:connection:hiltJavaCompileDebugUnitTest NO-SOURCE
> Task :feature:connection:processDebugUnitTestJavaRes UP-TO-DATE
> Task :feature:connection:transformDebugUnitTestClassesWithAsm
> Task :feature:credentials:kspDebugUnitTestKotlin
> Task :feature:connection:testDebugUnitTest
> Task :feature:credentials:javaPreCompileDebugUnitTest UP-TO-DATE
> Task :feature:credentials_manager:preDebugUnitTestBuild UP-TO-DATE
> Task :feature:credentials_manager:generateDebugUnitTestStubRFile
> Task :feature:credentials_manager:kspDebugUnitTestKotlin NO-SOURCE
> Task :feature:credentials_manager:compileDebugUnitTestKotlin NO-SOURCE
> Task :feature:credentials_manager:javaPreCompileDebugUnitTest UP-TO-DATE
> Task :feature:credentials_manager:compileDebugUnitTestJavaWithJavac NO-SOURCE
> Task :feature:credentials_manager:hiltAggregateDepsDebugUnitTest UP-TO-DATE
> Task :feature:credentials_manager:hiltJavaCompileDebugUnitTest NO-SOURCE
> Task :feature:credentials_manager:processDebugUnitTestJavaRes NO-SOURCE
> Task :feature:credentials_manager:transformDebugUnitTestClassesWithAsm
> Task :feature:credentials_manager:testDebugUnitTest NO-SOURCE
> Task :feature:favorites:preDebugUnitTestBuild UP-TO-DATE
> Task :feature:credentials:compileDebugUnitTestKotlin
> Task :feature:credentials:compileDebugUnitTestJavaWithJavac NO-SOURCE
> Task :feature:favorites:generateDebugUnitTestStubRFile
> Task :feature:credentials:hiltAggregateDepsDebugUnitTest UP-TO-DATE
> Task :feature:credentials:hiltJavaCompileDebugUnitTest NO-SOURCE
> Task :feature:credentials:processDebugUnitTestJavaRes UP-TO-DATE
> Task :feature:favorites:kspDebugUnitTestKotlin NO-SOURCE
> Task :feature:favorites:compileDebugUnitTestKotlin NO-SOURCE
> Task :feature:favorites:javaPreCompileDebugUnitTest UP-TO-DATE
> Task :feature:favorites:compileDebugUnitTestJavaWithJavac NO-SOURCE
> Task :feature:credentials:transformDebugUnitTestClassesWithAsm
> Task :feature:favorites:hiltAggregateDepsDebugUnitTest UP-TO-DATE
> Task :feature:credentials:testDebugUnitTest
> Task :feature:favorites:hiltJavaCompileDebugUnitTest NO-SOURCE
> Task :feature:favorites:processDebugUnitTestJavaRes NO-SOURCE
> Task :feature:forum:preDebugUnitTestBuild UP-TO-DATE
> Task :feature:favorites:transformDebugUnitTestClassesWithAsm
> Task :feature:favorites:testDebugUnitTest NO-SOURCE
> Task :feature:forum:javaPreCompileDebugUnitTest UP-TO-DATE
> Task :feature:login:preDebugUnitTestBuild UP-TO-DATE
> Task :feature:forum:generateDebugUnitTestStubRFile
> Task :feature:forum:kspDebugUnitTestKotlin NO-SOURCE
> Task :feature:forum:compileDebugUnitTestKotlin NO-SOURCE
> Task :feature:forum:compileDebugUnitTestJavaWithJavac NO-SOURCE
> Task :feature:login:generateDebugUnitTestStubRFile
> Task :feature:forum:hiltAggregateDepsDebugUnitTest UP-TO-DATE
> Task :feature:forum:hiltJavaCompileDebugUnitTest NO-SOURCE
> Task :feature:forum:processDebugUnitTestJavaRes NO-SOURCE
> Task :feature:forum:transformDebugUnitTestClassesWithAsm
> Task :feature:forum:testDebugUnitTest NO-SOURCE
> Task :feature:login:javaPreCompileDebugUnitTest UP-TO-DATE
> Task :feature:main:preDebugUnitTestBuild UP-TO-DATE
> Task :feature:main:generateDebugUnitTestStubRFile
> Task :feature:main:kspDebugUnitTestKotlin NO-SOURCE
> Task :feature:main:compileDebugUnitTestKotlin NO-SOURCE
> Task :feature:main:javaPreCompileDebugUnitTest UP-TO-DATE
> Task :feature:main:compileDebugUnitTestJavaWithJavac NO-SOURCE
> Task :feature:main:hiltAggregateDepsDebugUnitTest UP-TO-DATE
> Task :feature:main:hiltJavaCompileDebugUnitTest NO-SOURCE
> Task :feature:main:processDebugUnitTestJavaRes NO-SOURCE
> Task :feature:main:transformDebugUnitTestClassesWithAsm
> Task :feature:main:testDebugUnitTest NO-SOURCE
> Task :feature:menu:mergeDebugAssets UP-TO-DATE
> Task :feature:menu:generateDebugUnitTestAssets UP-TO-DATE
> Task :feature:menu:preDebugUnitTestBuild UP-TO-DATE
> Task :feature:menu:mergeDebugUnitTestAssets UP-TO-DATE
> Task :feature:menu:checkDebugUnitTestAarMetadata UP-TO-DATE
> Task :feature:menu:generateDebugUnitTestResValues UP-TO-DATE
> Task :feature:menu:mapDebugUnitTestSourceSetPaths
> Task :feature:menu:generateDebugUnitTestResources UP-TO-DATE
> Task :feature:login:kspDebugUnitTestKotlin
> Task :feature:login:compileDebugUnitTestKotlin
> Task :feature:login:compileDebugUnitTestJavaWithJavac NO-SOURCE
> Task :feature:menu:mergeDebugUnitTestResources
> Task :feature:login:hiltAggregateDepsDebugUnitTest UP-TO-DATE
> Task :feature:login:hiltJavaCompileDebugUnitTest NO-SOURCE
> Task :feature:login:processDebugUnitTestJavaRes UP-TO-DATE
> Task :feature:menu:processDebugUnitTestManifest UP-TO-DATE
> Task :feature:login:transformDebugUnitTestClassesWithAsm
> Task :feature:menu:processDebugUnitTestResources
> Task :feature:login:testDebugUnitTest
> Task :feature:menu:packageDebugUnitTestForUnitTest
> Task :feature:menu:generateDebugUnitTestConfig
> Task :feature:menu:javaPreCompileDebugUnitTest UP-TO-DATE
> Task :feature:onboarding:mergeDebugAssets UP-TO-DATE
> Task :feature:onboarding:generateDebugUnitTestAssets UP-TO-DATE
> Task :feature:onboarding:preDebugUnitTestBuild UP-TO-DATE
> Task :feature:onboarding:mergeDebugUnitTestAssets UP-TO-DATE
> Task :feature:onboarding:checkDebugUnitTestAarMetadata UP-TO-DATE
> Task :feature:onboarding:generateDebugUnitTestResValues UP-TO-DATE
> Task :feature:onboarding:mapDebugUnitTestSourceSetPaths
> Task :feature:onboarding:generateDebugUnitTestResources UP-TO-DATE
> Task :feature:menu:kspDebugUnitTestKotlin
> Task :feature:menu:compileDebugUnitTestKotlin
> Task :feature:menu:compileDebugUnitTestJavaWithJavac NO-SOURCE
> Task :feature:onboarding:mergeDebugUnitTestResources
> Task :feature:menu:hiltAggregateDepsDebugUnitTest UP-TO-DATE
> Task :feature:menu:hiltJavaCompileDebugUnitTest NO-SOURCE
> Task :feature:menu:processDebugUnitTestJavaRes UP-TO-DATE
> Task :feature:onboarding:processDebugUnitTestManifest UP-TO-DATE
> Task :feature:menu:transformDebugUnitTestClassesWithAsm
> Task :feature:onboarding:processDebugUnitTestResources
OpenJDK 64-Bit Server VM warning: Sharing is only supported for boot loader classes because bootstrap classpath has been appended
> Task :feature:menu:testDebugUnitTest
> Task :feature:onboarding:packageDebugUnitTestForUnitTest
> Task :feature:onboarding:generateDebugUnitTestConfig
> Task :feature:onboarding:javaPreCompileDebugUnitTest UP-TO-DATE
> Task :feature:provider_config:mergeDebugAssets UP-TO-DATE
> Task :feature:provider_config:generateDebugUnitTestAssets UP-TO-DATE
> Task :feature:provider_config:preDebugUnitTestBuild UP-TO-DATE
> Task :feature:provider_config:mergeDebugUnitTestAssets UP-TO-DATE
> Task :feature:provider_config:checkDebugUnitTestAarMetadata UP-TO-DATE
> Task :feature:provider_config:generateDebugUnitTestResValues UP-TO-DATE
> Task :feature:provider_config:mapDebugUnitTestSourceSetPaths
> Task :feature:provider_config:generateDebugUnitTestResources UP-TO-DATE
> Task :feature:provider_config:mergeDebugUnitTestResources
> Task :feature:provider_config:processDebugUnitTestManifest UP-TO-DATE
> Task :feature:onboarding:kspDebugUnitTestKotlin
> Task :feature:onboarding:compileDebugUnitTestKotlin
> Task :feature:onboarding:compileDebugUnitTestJavaWithJavac NO-SOURCE
> Task :feature:onboarding:hiltAggregateDepsDebugUnitTest UP-TO-DATE
> Task :feature:onboarding:hiltJavaCompileDebugUnitTest NO-SOURCE
> Task :feature:onboarding:processDebugUnitTestJavaRes UP-TO-DATE
> Task :feature:onboarding:transformDebugUnitTestClassesWithAsm
> Task :feature:provider_config:processDebugUnitTestResources
OpenJDK 64-Bit Server VM warning: Sharing is only supported for boot loader classes because bootstrap classpath has been appended
> Task :feature:onboarding:testDebugUnitTest
> Task :feature:provider_config:packageDebugUnitTestForUnitTest
> Task :feature:provider_config:generateDebugUnitTestConfig
> Task :feature:provider_config:javaPreCompileDebugUnitTest UP-TO-DATE
> Task :feature:rating:preDebugUnitTestBuild UP-TO-DATE
> Task :feature:rating:generateDebugUnitTestStubRFile
> Task :feature:rating:kspDebugUnitTestKotlin NO-SOURCE
> Task :feature:rating:compileDebugUnitTestKotlin NO-SOURCE
> Task :feature:rating:javaPreCompileDebugUnitTest UP-TO-DATE
> Task :feature:rating:compileDebugUnitTestJavaWithJavac NO-SOURCE
> Task :feature:rating:hiltAggregateDepsDebugUnitTest UP-TO-DATE
> Task :feature:rating:hiltJavaCompileDebugUnitTest NO-SOURCE
> Task :feature:rating:processDebugUnitTestJavaRes NO-SOURCE
> Task :feature:rating:transformDebugUnitTestClassesWithAsm
> Task :feature:rating:testDebugUnitTest NO-SOURCE
> Task :feature:search:preDebugUnitTestBuild UP-TO-DATE
> Task :feature:search:generateDebugUnitTestStubRFile
> Task :feature:search:kspDebugUnitTestKotlin NO-SOURCE
> Task :feature:search:compileDebugUnitTestKotlin NO-SOURCE
> Task :feature:search:javaPreCompileDebugUnitTest UP-TO-DATE
> Task :feature:search:compileDebugUnitTestJavaWithJavac NO-SOURCE
> Task :feature:search:hiltAggregateDepsDebugUnitTest UP-TO-DATE
> Task :feature:search:hiltJavaCompileDebugUnitTest NO-SOURCE
> Task :feature:search:processDebugUnitTestJavaRes NO-SOURCE
> Task :feature:search:transformDebugUnitTestClassesWithAsm
> Task :feature:search:testDebugUnitTest NO-SOURCE
> Task :feature:search_input:preDebugUnitTestBuild UP-TO-DATE
> Task :feature:search_input:generateDebugUnitTestStubRFile
> Task :feature:search_input:kspDebugUnitTestKotlin NO-SOURCE
> Task :feature:search_input:compileDebugUnitTestKotlin NO-SOURCE
> Task :feature:search_input:javaPreCompileDebugUnitTest UP-TO-DATE
> Task :feature:search_input:compileDebugUnitTestJavaWithJavac NO-SOURCE
> Task :feature:search_input:hiltAggregateDepsDebugUnitTest UP-TO-DATE
> Task :feature:search_input:hiltJavaCompileDebugUnitTest NO-SOURCE
> Task :feature:search_input:processDebugUnitTestJavaRes NO-SOURCE
> Task :feature:search_input:transformDebugUnitTestClassesWithAsm
> Task :feature:search_input:testDebugUnitTest NO-SOURCE
> Task :feature:search_result:preDebugUnitTestBuild UP-TO-DATE
> Task :feature:search_result:generateDebugUnitTestStubRFile
> Task :feature:provider_config:kspDebugUnitTestKotlin
> Task :feature:provider_config:compileDebugUnitTestKotlin
> Task :feature:provider_config:compileDebugUnitTestJavaWithJavac NO-SOURCE
> Task :feature:provider_config:hiltAggregateDepsDebugUnitTest UP-TO-DATE
> Task :feature:provider_config:hiltJavaCompileDebugUnitTest NO-SOURCE
> Task :feature:provider_config:processDebugUnitTestJavaRes UP-TO-DATE
> Task :feature:provider_config:transformDebugUnitTestClassesWithAsm
> Task :feature:search_result:kspDebugUnitTestKotlin
> Task :feature:provider_config:testDebugUnitTest
> Task :feature:search_result:javaPreCompileDebugUnitTest UP-TO-DATE
> Task :feature:topic:preDebugUnitTestBuild UP-TO-DATE
> Task :feature:topic:generateDebugUnitTestStubRFile
> Task :feature:search_result:compileDebugUnitTestKotlin
> Task :feature:search_result:compileDebugUnitTestJavaWithJavac NO-SOURCE
> Task :feature:search_result:hiltAggregateDepsDebugUnitTest UP-TO-DATE
> Task :feature:search_result:hiltJavaCompileDebugUnitTest NO-SOURCE
> Task :feature:search_result:processDebugUnitTestJavaRes UP-TO-DATE
> Task :feature:search_result:transformDebugUnitTestClassesWithAsm
> Task :feature:topic:kspDebugUnitTestKotlin
> Task :feature:search_result:testDebugUnitTest
> Task :feature:topic:javaPreCompileDebugUnitTest UP-TO-DATE
> Task :feature:visited:preDebugUnitTestBuild UP-TO-DATE
> Task :feature:visited:generateDebugUnitTestStubRFile
> Task :feature:visited:kspDebugUnitTestKotlin NO-SOURCE
> Task :feature:visited:compileDebugUnitTestKotlin NO-SOURCE
> Task :feature:visited:javaPreCompileDebugUnitTest UP-TO-DATE
> Task :feature:visited:compileDebugUnitTestJavaWithJavac NO-SOURCE
> Task :feature:visited:hiltAggregateDepsDebugUnitTest UP-TO-DATE
> Task :feature:visited:hiltJavaCompileDebugUnitTest NO-SOURCE
> Task :feature:visited:processDebugUnitTestJavaRes NO-SOURCE
> Task :feature:visited:transformDebugUnitTestClassesWithAsm
> Task :feature:visited:testDebugUnitTest NO-SOURCE
> Task :core:auth:impl:preDebugUnitTestBuild UP-TO-DATE
> Task :core:auth:impl:generateDebugUnitTestStubRFile UP-TO-DATE
> Task :core:auth:impl:kspDebugUnitTestKotlin UP-TO-DATE
> Task :core:auth:impl:compileDebugUnitTestKotlin UP-TO-DATE
> Task :core:auth:impl:javaPreCompileDebugUnitTest UP-TO-DATE
> Task :core:auth:impl:compileDebugUnitTestJavaWithJavac NO-SOURCE
> Task :core:auth:impl:hiltAggregateDepsDebugUnitTest UP-TO-DATE
> Task :core:auth:impl:hiltJavaCompileDebugUnitTest NO-SOURCE
> Task :core:auth:impl:processDebugUnitTestJavaRes UP-TO-DATE
> Task :core:auth:impl:transformDebugUnitTestClassesWithAsm UP-TO-DATE
> Task :core:auth:impl:testDebugUnitTest UP-TO-DATE
> Task :core:network:impl:preDebugUnitTestBuild UP-TO-DATE
> Task :core:network:impl:generateDebugUnitTestStubRFile UP-TO-DATE
> Task :core:network:impl:kspDebugUnitTestKotlin UP-TO-DATE
> Task :core:network:impl:compileDebugUnitTestKotlin UP-TO-DATE
> Task :core:network:impl:javaPreCompileDebugUnitTest UP-TO-DATE
> Task :core:network:impl:compileDebugUnitTestJavaWithJavac NO-SOURCE
> Task :feature:topic:compileDebugUnitTestKotlin
> Task :core:network:impl:hiltAggregateDepsDebugUnitTest UP-TO-DATE
> Task :feature:topic:compileDebugUnitTestJavaWithJavac NO-SOURCE
> Task :feature:topic:hiltAggregateDepsDebugUnitTest UP-TO-DATE
> Task :feature:topic:hiltJavaCompileDebugUnitTest NO-SOURCE
> Task :feature:topic:processDebugUnitTestJavaRes
> Task :core:network:impl:hiltJavaCompileDebugUnitTest NO-SOURCE
> Task :core:network:impl:processDebugUnitTestJavaRes UP-TO-DATE
> Task :core:network:impl:transformDebugUnitTestClassesWithAsm UP-TO-DATE
> Task :feature:topic:transformDebugUnitTestClassesWithAsm
> Task :core:network:impl:testDebugUnitTest UP-TO-DATE
OpenJDK 64-Bit Server VM warning: Sharing is only supported for boot loader classes because bootstrap classpath has been appended
> Task :feature:topic:testDebugUnitTest
> Task :core:tracker:client:mergeDebugAssets UP-TO-DATE
> Task :core:tracker:client:generateDebugUnitTestAssets UP-TO-DATE
> Task :core:tracker:client:preDebugUnitTestBuild UP-TO-DATE
> Task :core:tracker:client:mergeDebugUnitTestAssets UP-TO-DATE
> Task :core:tracker:client:checkDebugUnitTestAarMetadata UP-TO-DATE
> Task :core:tracker:client:generateDebugUnitTestResValues UP-TO-DATE
> Task :core:tracker:client:mapDebugUnitTestSourceSetPaths UP-TO-DATE
> Task :core:tracker:client:generateDebugUnitTestResources UP-TO-DATE
> Task :core:tracker:client:mergeDebugUnitTestResources UP-TO-DATE
> Task :core:tracker:client:processDebugUnitTestManifest UP-TO-DATE
> Task :core:tracker:client:processDebugUnitTestResources UP-TO-DATE
> Task :core:tracker:client:packageDebugUnitTestForUnitTest UP-TO-DATE
> Task :core:tracker:client:generateDebugUnitTestConfig UP-TO-DATE
> Task :core:tracker:client:kspDebugUnitTestKotlin UP-TO-DATE
> Task :core:tracker:client:compileDebugUnitTestKotlin UP-TO-DATE
> Task :core:tracker:client:javaPreCompileDebugUnitTest UP-TO-DATE
> Task :core:tracker:client:compileDebugUnitTestJavaWithJavac NO-SOURCE
> Task :core:tracker:client:hiltAggregateDepsDebugUnitTest UP-TO-DATE
> Task :core:tracker:client:hiltJavaCompileDebugUnitTest NO-SOURCE
> Task :core:tracker:client:processDebugUnitTestJavaRes UP-TO-DATE
> Task :core:tracker:client:transformDebugUnitTestClassesWithAsm UP-TO-DATE
> Task :core:tracker:client:testDebugUnitTest UP-TO-DATE
> Task :core:work:impl:preDebugUnitTestBuild UP-TO-DATE
> Task :core:work:impl:javaPreCompileDebugUnitTest UP-TO-DATE
> Task :core:work:impl:generateDebugUnitTestStubRFile
> Task :core:work:impl:kspDebugUnitTestKotlin NO-SOURCE
> Task :core:work:impl:compileDebugUnitTestKotlin NO-SOURCE
> Task :core:work:impl:compileDebugUnitTestJavaWithJavac NO-SOURCE
> Task :core:work:impl:hiltAggregateDepsDebugUnitTest UP-TO-DATE
> Task :core:work:impl:hiltJavaCompileDebugUnitTest NO-SOURCE
> Task :core:work:impl:processDebugUnitTestJavaRes NO-SOURCE
> Task :core:work:impl:transformDebugUnitTestClassesWithAsm
> Task :core:work:impl:testDebugUnitTest NO-SOURCE

BUILD SUCCESSFUL in 1m 21s
1128 actionable tasks: 217 executed, 911 up-to-date
GRADLE_EXIT=0
